docs/external-doc/solid-usequery.tsx(43,1): error TS2304: Cannot find name 'render'.
node_modules/@electric-sql/pglite/dist/pglite-CntadC_p.d.ts(250,14): error TS2503: Cannot find namespace 'Emscripten'.
node_modules/@electric-sql/pglite/dist/pglite-CntadC_p.d.ts(254,18): error TS2693: 'FS' only refers to a type, but is being used as a value here.
node_modules/@electric-sql/pglite/dist/pglite-CntadC_p.d.ts(256,16): error TS2503: Cannot find namespace 'Emscripten'.
node_modules/@electric-sql/pglite/dist/pglite-CntadC_p.d.ts(257,17): error TS2503: Cannot find namespace 'Emscripten'.
node_modules/@electric-sql/pglite/dist/pglite-CntadC_p.d.ts(262,36): error TS2304: Cannot find name 'EmscriptenModule'.
node_modules/@kobalte/core/dist/index-29c57b8d.d.ts(26,52): error TS2693: 'ListboxItemCommonProps' only refers to a type, but is being used as a value here.
node_modules/@kobalte/core/dist/index-29c57b8d.d.ts(27,63): error TS2693: 'ListboxItemDescriptionCommonProps' only refers to a type, but is being used as a value here.
node_modules/@kobalte/core/dist/index-29c57b8d.d.ts(28,59): error TS2693: 'ListboxItemDescriptionOptions' only refers to a type, but is being used as a value here.
node_modules/@kobalte/core/dist/index-29c57b8d.d.ts(29,57): error TS2693: 'ListboxItemDescriptionProps' only refers to a type, but is being used as a value here.
node_modules/@kobalte/core/dist/index-29c57b8d.d.ts(30,63): error TS2693: 'ListboxItemDescriptionRenderProps' only refers to a type, but is being used as a value here.
node_modules/@kobalte/core/dist/index-29c57b8d.d.ts(31,61): error TS2693: 'ListboxItemIndicatorCommonProps' only refers to a type, but is being used as a value here.
node_modules/@kobalte/core/dist/index-29c57b8d.d.ts(32,57): error TS2693: 'ListboxItemIndicatorOptions' only refers to a type, but is being used as a value here.
node_modules/@kobalte/core/dist/index-29c57b8d.d.ts(33,55): error TS2693: 'ListboxItemIndicatorProps' only refers to a type, but is being used as a value here.
node_modules/@kobalte/core/dist/index-29c57b8d.d.ts(34,61): error TS2693: 'ListboxItemIndicatorRenderProps' only refers to a type, but is being used as a value here.
node_modules/@kobalte/core/dist/index-29c57b8d.d.ts(35,57): error TS2693: 'ListboxItemLabelCommonProps' only refers to a type, but is being used as a value here.
node_modules/@kobalte/core/dist/index-29c57b8d.d.ts(36,53): error TS2693: 'ListboxItemLabelOptions' only refers to a type, but is being used as a value here.
node_modules/@kobalte/core/dist/index-29c57b8d.d.ts(37,51): error TS2693: 'ListboxItemLabelProps' only refers to a type, but is being used as a value here.
node_modules/@kobalte/core/dist/index-29c57b8d.d.ts(38,57): error TS2693: 'ListboxItemLabelRenderProps' only refers to a type, but is being used as a value here.
node_modules/@kobalte/core/dist/index-29c57b8d.d.ts(39,48): error TS2693: 'ListboxItemOptions' only refers to a type, but is being used as a value here.
node_modules/@kobalte/core/dist/index-29c57b8d.d.ts(40,46): error TS2693: 'ListboxItemProps' only refers to a type, but is being used as a value here.
node_modules/@kobalte/core/dist/index-29c57b8d.d.ts(41,52): error TS2693: 'ListboxItemRenderProps' only refers to a type, but is being used as a value here.
node_modules/@kobalte/core/dist/index-29c57b8d.d.ts(42,52): error TS2693: 'ListboxRootCommonProps' only refers to a type, but is being used as a value here.
node_modules/@kobalte/core/dist/index-29c57b8d.d.ts(43,48): error TS2693: 'ListboxRootOptions' only refers to a type, but is being used as a value here.
node_modules/@kobalte/core/dist/index-29c57b8d.d.ts(44,46): error TS2693: 'ListboxRootProps' only refers to a type, but is being used as a value here.
node_modules/@kobalte/core/dist/index-29c57b8d.d.ts(45,52): error TS2693: 'ListboxRootRenderProps' only refers to a type, but is being used as a value here.
node_modules/@kobalte/core/dist/index-29c57b8d.d.ts(46,55): error TS2693: 'ListboxSectionCommonProps' only refers to a type, but is being used as a value here.
node_modules/@kobalte/core/dist/index-29c57b8d.d.ts(47,51): error TS2693: 'ListboxSectionOptions' only refers to a type, but is being used as a value here.
node_modules/@kobalte/core/dist/index-29c57b8d.d.ts(48,49): error TS2693: 'ListboxSectionProps' only refers to a type, but is being used as a value here.
node_modules/@kobalte/core/dist/index-29c57b8d.d.ts(49,55): error TS2693: 'ListboxSectionRenderProps' only refers to a type, but is being used as a value here.
node_modules/@kobalte/core/dist/index-339032c6.d.ts(6,57): error TS2693: 'ToggleButtonRootCommonProps' only refers to a type, but is being used as a value here.
node_modules/@kobalte/core/dist/index-339032c6.d.ts(7,53): error TS2693: 'ToggleButtonRootOptions' only refers to a type, but is being used as a value here.
node_modules/@kobalte/core/dist/index-339032c6.d.ts(8,51): error TS2693: 'ToggleButtonRootProps' only refers to a type, but is being used as a value here.
node_modules/@kobalte/core/dist/index-339032c6.d.ts(9,57): error TS2693: 'ToggleButtonRootRenderProps' only refers to a type, but is being used as a value here.
node_modules/@kobalte/core/dist/index-339032c6.d.ts(10,51): error TS2693: 'ToggleButtonRootState' only refers to a type, but is being used as a value here.
node_modules/@kobalte/core/dist/index-42fe8e12.d.ts(51,56): error TS2693: 'ComboboxContentCommonProps' only refers to a type, but is being used as a value here.
node_modules/@kobalte/core/dist/index-42fe8e12.d.ts(52,52): error TS2693: 'ComboboxContentOptions' only refers to a type, but is being used as a value here.
node_modules/@kobalte/core/dist/index-42fe8e12.d.ts(53,50): error TS2693: 'ComboboxContentProps' only refers to a type, but is being used as a value here.
node_modules/@kobalte/core/dist/index-42fe8e12.d.ts(54,56): error TS2693: 'ComboboxContentRenderProps' only refers to a type, but is being used as a value here.
node_modules/@kobalte/core/dist/index-42fe8e12.d.ts(55,50): error TS2693: 'ComboboxContextValue' only refers to a type, but is being used as a value here.
node_modules/@kobalte/core/dist/index-42fe8e12.d.ts(56,56): error TS2693: 'ComboboxControlCommonProps' only refers to a type, but is being used as a value here.
node_modules/@kobalte/core/dist/index-42fe8e12.d.ts(57,52): error TS2693: 'ComboboxControlOptions' only refers to a type, but is being used as a value here.
node_modules/@kobalte/core/dist/index-42fe8e12.d.ts(58,50): error TS2693: 'ComboboxControlProps' only refers to a type, but is being used as a value here.
node_modules/@kobalte/core/dist/index-42fe8e12.d.ts(59,56): error TS2693: 'ComboboxControlRenderProps' only refers to a type, but is being used as a value here.
node_modules/@kobalte/core/dist/index-42fe8e12.d.ts(60,55): error TS2693: 'ComboboxHiddenSelectProps' only refers to a type, but is being used as a value here.
node_modules/@kobalte/core/dist/index-42fe8e12.d.ts(61,47): error TS2693: 'ComboboxIconProps' only refers to a type, but is being used as a value here.
node_modules/@kobalte/core/dist/index-42fe8e12.d.ts(62,54): error TS2693: 'ComboboxInputCommonProps' only refers to a type, but is being used as a value here.
node_modules/@kobalte/core/dist/index-42fe8e12.d.ts(63,50): error TS2693: 'ComboboxInputOptions' only refers to a type, but is being used as a value here.
node_modules/@kobalte/core/dist/index-42fe8e12.d.ts(64,48): error TS2693: 'ComboboxInputProps' only refers to a type, but is being used as a value here.
node_modules/@kobalte/core/dist/index-42fe8e12.d.ts(65,54): error TS2693: 'ComboboxInputRenderProps' only refers to a type, but is being used as a value here.
node_modules/@kobalte/core/dist/index-42fe8e12.d.ts(66,56): error TS2693: 'ComboboxListboxCommonProps' only refers to a type, but is being used as a value here.
node_modules/@kobalte/core/dist/index-42fe8e12.d.ts(67,52): error TS2693: 'ComboboxListboxOptions' only refers to a type, but is being used as a value here.
node_modules/@kobalte/core/dist/index-42fe8e12.d.ts(68,50): error TS2693: 'ComboboxListboxProps' only refers to a type, but is being used as a value here.
node_modules/@kobalte/core/dist/index-42fe8e12.d.ts(69,56): error TS2693: 'ComboboxListboxRenderProps' only refers to a type, but is being used as a value here.
node_modules/@kobalte/core/dist/index-42fe8e12.d.ts(70,62): error TS2693: 'ComboboxMultipleSelectionOptions' only refers to a type, but is being used as a value here.
node_modules/@kobalte/core/dist/index-42fe8e12.d.ts(71,49): error TS2693: 'ComboboxPortalProps' only refers to a type, but is being used as a value here.
node_modules/@kobalte/core/dist/index-42fe8e12.d.ts(72,53): error TS2693: 'ComboboxRootCommonProps' only refers to a type, but is being used as a value here.
node_modules/@kobalte/core/dist/index-42fe8e12.d.ts(73,49): error TS2693: 'ComboboxRootOptions' only refers to a type, but is being used as a value here.
node_modules/@kobalte/core/dist/index-42fe8e12.d.ts(74,47): error TS2693: 'ComboboxRootProps' only refers to a type, but is being used as a value here.
node_modules/@kobalte/core/dist/index-42fe8e12.d.ts(75,53): error TS2693: 'ComboboxRootRenderProps' only refers to a type, but is being used as a value here.
node_modules/@kobalte/core/dist/index-42fe8e12.d.ts(76,60): error TS2693: 'ComboboxSingleSelectionOptions' only refers to a type, but is being used as a value here.
node_modules/@kobalte/core/dist/index-42fe8e12.d.ts(78,49): error TS2693: 'ComboboxTriggerMode' only refers to a type, but is being used as a value here.
node_modules/@kobalte/core/dist/index-4933558f.d.ts(6,54): error TS2693: 'SeparatorRootCommonProps' only refers to a type, but is being used as a value here.
node_modules/@kobalte/core/dist/index-4933558f.d.ts(7,50): error TS2693: 'SeparatorRootOptions' only refers to a type, but is being used as a value here.
node_modules/@kobalte/core/dist/index-4933558f.d.ts(8,48): error TS2693: 'SeparatorRootProps' only refers to a type, but is being used as a value here.
node_modules/@kobalte/core/dist/index-4933558f.d.ts(9,54): error TS2693: 'SeparatorRootRenderProps' only refers to a type, but is being used as a value here.
node_modules/@kobalte/core/dist/index-64ed0578.d.ts(9,59): error TS2693: 'CollapsibleContentCommonProps' only refers to a type, but is being used as a value here.
node_modules/@kobalte/core/dist/index-64ed0578.d.ts(10,55): error TS2693: 'CollapsibleContentOptions' only refers to a type, but is being used as a value here.
node_modules/@kobalte/core/dist/index-64ed0578.d.ts(11,53): error TS2693: 'CollapsibleContentProps' only refers to a type, but is being used as a value here.
node_modules/@kobalte/core/dist/index-64ed0578.d.ts(12,59): error TS2693: 'CollapsibleContentRenderProps' only refers to a type, but is being used as a value here.
node_modules/@kobalte/core/dist/index-64ed0578.d.ts(13,53): error TS2693: 'CollapsibleContextValue' only refers to a type, but is being used as a value here.
node_modules/@kobalte/core/dist/index-64ed0578.d.ts(14,56): error TS2693: 'CollapsibleRootCommonProps' only refers to a type, but is being used as a value here.
node_modules/@kobalte/core/dist/index-64ed0578.d.ts(15,52): error TS2693: 'CollapsibleRootOptions' only refers to a type, but is being used as a value here.
node_modules/@kobalte/core/dist/index-64ed0578.d.ts(16,50): error TS2693: 'CollapsibleRootProps' only refers to a type, but is being used as a value here.
node_modules/@kobalte/core/dist/index-64ed0578.d.ts(17,56): error TS2693: 'CollapsibleRootRenderProps' only refers to a type, but is being used as a value here.
node_modules/@kobalte/core/dist/index-64ed0578.d.ts(18,59): error TS2693: 'CollapsibleTriggerCommonProps' only refers to a type, but is being used as a value here.
node_modules/@kobalte/core/dist/index-64ed0578.d.ts(19,55): error TS2693: 'CollapsibleTriggerOptions' only refers to a type, but is being used as a value here.
node_modules/@kobalte/core/dist/index-64ed0578.d.ts(20,53): error TS2693: 'CollapsibleTriggerProps' only refers to a type, but is being used as a value here.
node_modules/@kobalte/core/dist/index-64ed0578.d.ts(21,59): error TS2693: 'CollapsibleTriggerRenderProps' only refers to a type, but is being used as a value here.
node_modules/@kobalte/core/dist/index-72e4cb77.d.ts(43,68): error TS2693: 'NumberFieldDecrementTriggerCommonProps' only refers to a type, but is being used as a value here.
node_modules/@kobalte/core/dist/index-72e4cb77.d.ts(44,64): error TS2693: 'NumberFieldDecrementTriggerOptions' only refers to a type, but is being used as a value here.
node_modules/@kobalte/core/dist/index-72e4cb77.d.ts(45,62): error TS2693: 'NumberFieldDecrementTriggerProps' only refers to a type, but is being used as a value here.
node_modules/@kobalte/core/dist/index-72e4cb77.d.ts(46,68): error TS2693: 'NumberFieldDecrementTriggerRenderProps' only refers to a type, but is being used as a value here.
node_modules/@kobalte/core/dist/index-72e4cb77.d.ts(47,57): error TS2693: 'NumberFieldHiddenInputProps' only refers to a type, but is being used as a value here.
node_modules/@kobalte/core/dist/index-72e4cb77.d.ts(48,68): error TS2693: 'NumberFieldIncrementTriggerCommonProps' only refers to a type, but is being used as a value here.
node_modules/@kobalte/core/dist/index-72e4cb77.d.ts(49,64): error TS2693: 'NumberFieldIncrementTriggerOptions' only refers to a type, but is being used as a value here.
node_modules/@kobalte/core/dist/index-72e4cb77.d.ts(50,62): error TS2693: 'NumberFieldIncrementTriggerProps' only refers to a type, but is being used as a value here.
node_modules/@kobalte/core/dist/index-72e4cb77.d.ts(51,68): error TS2693: 'NumberFieldIncrementTriggerRenderProps' only refers to a type, but is being used as a value here.
node_modules/@kobalte/core/dist/index-72e4cb77.d.ts(52,57): error TS2693: 'NumberFieldInputCommonProps' only refers to a type, but is being used as a value here.
node_modules/@kobalte/core/dist/index-72e4cb77.d.ts(53,53): error TS2693: 'NumberFieldInputOptions' only refers to a type, but is being used as a value here.
node_modules/@kobalte/core/dist/index-72e4cb77.d.ts(54,51): error TS2693: 'NumberFieldInputProps' only refers to a type, but is being used as a value here.
node_modules/@kobalte/core/dist/index-72e4cb77.d.ts(55,57): error TS2693: 'NumberFieldInputRenderProps' only refers to a type, but is being used as a value here.
node_modules/@kobalte/core/dist/index-72e4cb77.d.ts(56,56): error TS2693: 'NumberFieldRootCommonProps' only refers to a type, but is being used as a value here.
node_modules/@kobalte/core/dist/index-72e4cb77.d.ts(57,52): error TS2693: 'NumberFieldRootOptions' only refers to a type, but is being used as a value here.
node_modules/@kobalte/core/dist/index-72e4cb77.d.ts(58,50): error TS2693: 'NumberFieldRootProps' only refers to a type, but is being used as a value here.
node_modules/@kobalte/core/dist/index-72e4cb77.d.ts(59,56): error TS2693: 'NumberFieldRootRenderProps' only refers to a type, but is being used as a value here.
node_modules/@kobalte/core/dist/index-78f1e72b.d.ts(6,49): error TS2693: 'LinkRootCommonProps' only refers to a type, but is being used as a value here.
node_modules/@kobalte/core/dist/index-78f1e72b.d.ts(7,45): error TS2693: 'LinkRootOptions' only refers to a type, but is being used as a value here.
node_modules/@kobalte/core/dist/index-78f1e72b.d.ts(8,43): error TS2693: 'LinkRootProps' only refers to a type, but is being used as a value here.
node_modules/@kobalte/core/dist/index-78f1e72b.d.ts(9,49): error TS2693: 'LinkRootRenderProps' only refers to a type, but is being used as a value here.
node_modules/@kobalte/core/dist/index-79050fd4.d.ts(6,51): error TS2693: 'ButtonRootCommonProps' only refers to a type, but is being used as a value here.
node_modules/@kobalte/core/dist/index-79050fd4.d.ts(7,47): error TS2693: 'ButtonRootOptions' only refers to a type, but is being used as a value here.
node_modules/@kobalte/core/dist/index-79050fd4.d.ts(8,45): error TS2693: 'ButtonRootProps' only refers to a type, but is being used as a value here.
node_modules/@kobalte/core/dist/index-79050fd4.d.ts(9,51): error TS2693: 'ButtonRootRenderProps' only refers to a type, but is being used as a value here.
node_modules/@kobalte/core/dist/index-8b78f50e.d.ts(44,55): error TS2693: 'TextFieldInputCommonProps' only refers to a type, but is being used as a value here.
node_modules/@kobalte/core/dist/index-8b78f50e.d.ts(45,51): error TS2693: 'TextFieldInputOptions' only refers to a type, but is being used as a value here.
node_modules/@kobalte/core/dist/index-8b78f50e.d.ts(46,49): error TS2693: 'TextFieldInputProps' only refers to a type, but is being used as a value here.
node_modules/@kobalte/core/dist/index-8b78f50e.d.ts(47,55): error TS2693: 'TextFieldInputRenderProps' only refers to a type, but is being used as a value here.
node_modules/@kobalte/core/dist/index-8b78f50e.d.ts(48,54): error TS2693: 'TextFieldRootCommonProps' only refers to a type, but is being used as a value here.
node_modules/@kobalte/core/dist/index-8b78f50e.d.ts(49,50): error TS2693: 'TextFieldRootOptions' only refers to a type, but is being used as a value here.
node_modules/@kobalte/core/dist/index-8b78f50e.d.ts(50,48): error TS2693: 'TextFieldRootProps' only refers to a type, but is being used as a value here.
node_modules/@kobalte/core/dist/index-8b78f50e.d.ts(51,54): error TS2693: 'TextFieldRootRenderProps' only refers to a type, but is being used as a value here.
node_modules/@kobalte/core/dist/index-929e4c7c.d.ts(34,48): error TS2693: 'SliderContextValue' only refers to a type, but is being used as a value here.
node_modules/@kobalte/core/dist/index-929e4c7c.d.ts(39,46): error TS2693: 'SliderInputProps' only refers to a type, but is being used as a value here.
node_modules/@kobalte/core/dist/index-929e4c7c.d.ts(40,51): error TS2693: 'SliderRootCommonProps' only refers to a type, but is being used as a value here.
node_modules/@kobalte/core/dist/index-929e4c7c.d.ts(41,47): error TS2693: 'SliderRootOptions' only refers to a type, but is being used as a value here.
node_modules/@kobalte/core/dist/index-929e4c7c.d.ts(42,45): error TS2693: 'SliderRootProps' only refers to a type, but is being used as a value here.
node_modules/@kobalte/core/dist/index-929e4c7c.d.ts(43,51): error TS2693: 'SliderRootRenderProps' only refers to a type, but is being used as a value here.
node_modules/@kobalte/core/dist/index-929e4c7c.d.ts(44,52): error TS2693: 'SliderThumbCommonProps' only refers to a type, but is being used as a value here.
node_modules/@kobalte/core/dist/index-929e4c7c.d.ts(45,48): error TS2693: 'SliderThumbOptions' only refers to a type, but is being used as a value here.
node_modules/@kobalte/core/dist/index-929e4c7c.d.ts(46,46): error TS2693: 'SliderThumbProps' only refers to a type, but is being used as a value here.
node_modules/@kobalte/core/dist/index-929e4c7c.d.ts(47,52): error TS2693: 'SliderThumbRenderProps' only refers to a type, but is being used as a value here.
node_modules/@kobalte/core/dist/index-929e4c7c.d.ts(48,52): error TS2693: 'SliderTrackCommonProps' only refers to a type, but is being used as a value here.
node_modules/@kobalte/core/dist/index-929e4c7c.d.ts(49,48): error TS2693: 'SliderTrackOptions' only refers to a type, but is being used as a value here.
node_modules/@kobalte/core/dist/index-929e4c7c.d.ts(50,46): error TS2693: 'SliderTrackProps' only refers to a type, but is being used as a value here.
node_modules/@kobalte/core/dist/index-929e4c7c.d.ts(51,52): error TS2693: 'SliderTrackRenderProps' only refers to a type, but is being used as a value here.
node_modules/@kobalte/core/dist/index-929e4c7c.d.ts(52,57): error TS2693: 'SliderValueLabelCommonProps' only refers to a type, but is being used as a value here.
node_modules/@kobalte/core/dist/index-929e4c7c.d.ts(53,53): error TS2693: 'SliderValueLabelOptions' only refers to a type, but is being used as a value here.
node_modules/@kobalte/core/dist/index-929e4c7c.d.ts(54,51): error TS2693: 'SliderValueLabelProps' only refers to a type, but is being used as a value here.
node_modules/@kobalte/core/dist/index-929e4c7c.d.ts(55,57): error TS2693: 'SliderValueLabelRenderProps' only refers to a type, but is being used as a value here.
node_modules/@kobalte/core/dist/index-9e11b9e4.d.ts(38,49): error TS2693: 'MenubarContextValue' only refers to a type, but is being used as a value here.
node_modules/@kobalte/core/dist/index-9e11b9e4.d.ts(39,48): error TS2693: 'MenubarMenuOptions' only refers to a type, but is being used as a value here.
node_modules/@kobalte/core/dist/index-9e11b9e4.d.ts(40,46): error TS2693: 'MenubarMenuProps' only refers to a type, but is being used as a value here.
node_modules/@kobalte/core/dist/index-9e11b9e4.d.ts(41,52): error TS2693: 'MenubarRootCommonProps' only refers to a type, but is being used as a value here.
node_modules/@kobalte/core/dist/index-9e11b9e4.d.ts(42,48): error TS2693: 'MenubarRootOptions' only refers to a type, but is being used as a value here.
node_modules/@kobalte/core/dist/index-9e11b9e4.d.ts(43,46): error TS2693: 'MenubarRootProps' only refers to a type, but is being used as a value here.
node_modules/@kobalte/core/dist/index-9e11b9e4.d.ts(44,52): error TS2693: 'MenubarRootRenderProps' only refers to a type, but is being used as a value here.
node_modules/@kobalte/core/dist/index-d734f7ac.d.ts(28,55): error TS2693: 'RadioGroupItemCommonProps' only refers to a type, but is being used as a value here.
node_modules/@kobalte/core/dist/index-d734f7ac.d.ts(29,62): error TS2693: 'RadioGroupItemControlCommonProps' only refers to a type, but is being used as a value here.
node_modules/@kobalte/core/dist/index-d734f7ac.d.ts(30,58): error TS2693: 'RadioGroupItemControlOptions' only refers to a type, but is being used as a value here.
node_modules/@kobalte/core/dist/index-d734f7ac.d.ts(31,56): error TS2693: 'RadioGroupItemControlProps' only refers to a type, but is being used as a value here.
node_modules/@kobalte/core/dist/index-d734f7ac.d.ts(32,62): error TS2693: 'RadioGroupItemControlRenderProps' only refers to a type, but is being used as a value here.
node_modules/@kobalte/core/dist/index-d734f7ac.d.ts(33,66): error TS2693: 'RadioGroupItemDescriptionCommonProps' only refers to a type, but is being used as a value here.
node_modules/@kobalte/core/dist/index-d734f7ac.d.ts(34,62): error TS2693: 'RadioGroupItemDescriptionOptions' only refers to a type, but is being used as a value here.
node_modules/@kobalte/core/dist/index-d734f7ac.d.ts(35,60): error TS2693: 'RadioGroupItemDescriptionProps' only refers to a type, but is being used as a value here.
node_modules/@kobalte/core/dist/index-d734f7ac.d.ts(36,66): error TS2693: 'RadioGroupItemDescriptionRenderProps' only refers to a type, but is being used as a value here.
node_modules/@kobalte/core/dist/index-d734f7ac.d.ts(37,64): error TS2693: 'RadioGroupItemIndicatorCommonProps' only refers to a type, but is being used as a value here.
node_modules/@kobalte/core/dist/index-d734f7ac.d.ts(38,60): error TS2693: 'RadioGroupItemIndicatorOptions' only refers to a type, but is being used as a value here.
node_modules/@kobalte/core/dist/index-d734f7ac.d.ts(39,58): error TS2693: 'RadioGroupItemIndicatorProps' only refers to a type, but is being used as a value here.
node_modules/@kobalte/core/dist/index-d734f7ac.d.ts(40,64): error TS2693: 'RadioGroupItemIndicatorRenderProps' only refers to a type, but is being used as a value here.
node_modules/@kobalte/core/dist/index-d734f7ac.d.ts(41,60): error TS2693: 'RadioGroupItemInputCommonProps' only refers to a type, but is being used as a value here.
node_modules/@kobalte/core/dist/index-d734f7ac.d.ts(42,56): error TS2693: 'RadioGroupItemInputOptions' only refers to a type, but is being used as a value here.
node_modules/@kobalte/core/dist/index-d734f7ac.d.ts(43,54): error TS2693: 'RadioGroupItemInputProps' only refers to a type, but is being used as a value here.
node_modules/@kobalte/core/dist/index-d734f7ac.d.ts(44,60): error TS2693: 'RadioGroupItemInputRenderProps' only refers to a type, but is being used as a value here.
node_modules/@kobalte/core/dist/index-d734f7ac.d.ts(45,60): error TS2693: 'RadioGroupItemLabelCommonProps' only refers to a type, but is being used as a value here.
node_modules/@kobalte/core/dist/index-d734f7ac.d.ts(46,56): error TS2693: 'RadioGroupItemLabelOptions' only refers to a type, but is being used as a value here.
node_modules/@kobalte/core/dist/index-d734f7ac.d.ts(47,54): error TS2693: 'RadioGroupItemLabelProps' only refers to a type, but is being used as a value here.
node_modules/@kobalte/core/dist/index-d734f7ac.d.ts(48,60): error TS2693: 'RadioGroupItemLabelRenderProps' only refers to a type, but is being used as a value here.
node_modules/@kobalte/core/dist/index-d734f7ac.d.ts(49,51): error TS2693: 'RadioGroupItemOptions' only refers to a type, but is being used as a value here.
node_modules/@kobalte/core/dist/index-d734f7ac.d.ts(50,49): error TS2693: 'RadioGroupItemProps' only refers to a type, but is being used as a value here.
node_modules/@kobalte/core/dist/index-d734f7ac.d.ts(51,55): error TS2693: 'RadioGroupItemRenderProps' only refers to a type, but is being used as a value here.
node_modules/@kobalte/core/dist/index-d734f7ac.d.ts(52,56): error TS2693: 'RadioGroupLabelCommonProps' only refers to a type, but is being used as a value here.
node_modules/@kobalte/core/dist/index-d734f7ac.d.ts(53,52): error TS2693: 'RadioGroupLabelOptions' only refers to a type, but is being used as a value here.
node_modules/@kobalte/core/dist/index-d734f7ac.d.ts(54,50): error TS2693: 'RadioGroupLabelProps' only refers to a type, but is being used as a value here.
node_modules/@kobalte/core/dist/index-d734f7ac.d.ts(55,56): error TS2693: 'RadioGroupLabelRenderProps' only refers to a type, but is being used as a value here.
node_modules/@kobalte/core/dist/index-d734f7ac.d.ts(56,55): error TS2693: 'RadioGroupRootCommonProps' only refers to a type, but is being used as a value here.
node_modules/@kobalte/core/dist/index-d734f7ac.d.ts(57,51): error TS2693: 'RadioGroupRootOptions' only refers to a type, but is being used as a value here.
node_modules/@kobalte/core/dist/index-d734f7ac.d.ts(58,49): error TS2693: 'RadioGroupRootProps' only refers to a type, but is being used as a value here.
node_modules/@kobalte/core/dist/index-d734f7ac.d.ts(59,55): error TS2693: 'RadioGroupRootRenderProps' only refers to a type, but is being used as a value here.
node_modules/@kobalte/core/dist/index-df27bfc9.d.ts(40,58): error TS2693: 'DialogCloseButtonCommonProps' only refers to a type, but is being used as a value here.
node_modules/@kobalte/core/dist/index-df27bfc9.d.ts(41,54): error TS2693: 'DialogCloseButtonOptions' only refers to a type, but is being used as a value here.
node_modules/@kobalte/core/dist/index-df27bfc9.d.ts(42,52): error TS2693: 'DialogCloseButtonProps' only refers to a type, but is being used as a value here.
node_modules/@kobalte/core/dist/index-df27bfc9.d.ts(43,58): error TS2693: 'DialogCloseButtonRenderProps' only refers to a type, but is being used as a value here.
node_modules/@kobalte/core/dist/index-df27bfc9.d.ts(44,54): error TS2693: 'DialogContentCommonProps' only refers to a type, but is being used as a value here.
node_modules/@kobalte/core/dist/index-df27bfc9.d.ts(45,50): error TS2693: 'DialogContentOptions' only refers to a type, but is being used as a value here.
node_modules/@kobalte/core/dist/index-df27bfc9.d.ts(46,48): error TS2693: 'DialogContentProps' only refers to a type, but is being used as a value here.
node_modules/@kobalte/core/dist/index-df27bfc9.d.ts(47,54): error TS2693: 'DialogContentRenderProps' only refers to a type, but is being used as a value here.
node_modules/@kobalte/core/dist/index-df27bfc9.d.ts(49,58): error TS2693: 'DialogDescriptionCommonProps' only refers to a type, but is being used as a value here.
node_modules/@kobalte/core/dist/index-df27bfc9.d.ts(50,54): error TS2693: 'DialogDescriptionOptions' only refers to a type, but is being used as a value here.
node_modules/@kobalte/core/dist/index-df27bfc9.d.ts(51,52): error TS2693: 'DialogDescriptionProps' only refers to a type, but is being used as a value here.
node_modules/@kobalte/core/dist/index-df27bfc9.d.ts(52,58): error TS2693: 'DialogDescriptionRenderProps' only refers to a type, but is being used as a value here.
node_modules/@kobalte/core/dist/index-df27bfc9.d.ts(53,54): error TS2693: 'DialogOverlayCommonProps' only refers to a type, but is being used as a value here.
node_modules/@kobalte/core/dist/index-df27bfc9.d.ts(54,50): error TS2693: 'DialogOverlayOptions' only refers to a type, but is being used as a value here.
node_modules/@kobalte/core/dist/index-df27bfc9.d.ts(55,48): error TS2693: 'DialogOverlayProps' only refers to a type, but is being used as a value here.
node_modules/@kobalte/core/dist/index-df27bfc9.d.ts(56,54): error TS2693: 'DialogOverlayRenderProps' only refers to a type, but is being used as a value here.
node_modules/@kobalte/core/dist/index-df27bfc9.d.ts(57,47): error TS2693: 'DialogPortalProps' only refers to a type, but is being used as a value here.
node_modules/@kobalte/core/dist/index-df27bfc9.d.ts(58,47): error TS2693: 'DialogRootOptions' only refers to a type, but is being used as a value here.
node_modules/@kobalte/core/dist/index-df27bfc9.d.ts(59,45): error TS2693: 'DialogRootProps' only refers to a type, but is being used as a value here.
node_modules/@kobalte/core/dist/index-df27bfc9.d.ts(60,52): error TS2693: 'DialogTitleCommonProps' only refers to a type, but is being used as a value here.
node_modules/@kobalte/core/dist/index-df27bfc9.d.ts(61,48): error TS2693: 'DialogTitleOptions' only refers to a type, but is being used as a value here.
node_modules/@kobalte/core/dist/index-df27bfc9.d.ts(62,46): error TS2693: 'DialogTitleProps' only refers to a type, but is being used as a value here.
node_modules/@kobalte/core/dist/index-df27bfc9.d.ts(63,52): error TS2693: 'DialogTitleRenderProps' only refers to a type, but is being used as a value here.
node_modules/@kobalte/core/dist/index-df27bfc9.d.ts(64,54): error TS2693: 'DialogTriggerCommonProps' only refers to a type, but is being used as a value here.
node_modules/@kobalte/core/dist/index-df27bfc9.d.ts(65,50): error TS2693: 'DialogTriggerOptions' only refers to a type, but is being used as a value here.
node_modules/@kobalte/core/dist/index-df27bfc9.d.ts(66,48): error TS2693: 'DialogTriggerProps' only refers to a type, but is being used as a value here.
node_modules/@kobalte/core/dist/index-df27bfc9.d.ts(67,54): error TS2693: 'DialogTriggerRenderProps' only refers to a type, but is being used as a value here.
node_modules/@types/node/process.d.ts(563,23): error TS2430: Interface 'Process' incorrectly extends interface 'NitroStaticBuildFlags'.
  Types of property 'versions' are incompatible.
    Type 'ProcessVersions' has no properties in common with type '{ nitro?: string | undefined; }'.
node_modules/@vinxi/listhen/dist/index.d.ts(6,19): error TS7016: Could not find a declaration file for module 'node-forge'. '/home/hmjn/project/web/solid-imager/node_modules/node-forge/lib/index.js' implicitly has an 'any' type.
  Try `npm i --save-dev @types/node-forge` if it exists or add a new declaration (.d.ts) file containing `declare module 'node-forge';`
node_modules/db0/dist/index.d.mts(3,19): error TS2307: Cannot find module 'mysql2/promise' or its corresponding type declarations.
node_modules/db0/dist/index.d.mts(5,32): error TS2307: Cannot find module '@libsql/client' or its corresponding type declarations.
node_modules/db0/dist/index.d.mts(8,36): error TS2307: Cannot find module '@planetscale/database' or its corresponding type declarations.
node_modules/drizzle-orm/gel-core/columns/date-duration.d.ts(1,35): error TS2307: Cannot find module 'gel' or its corresponding type declarations.
node_modules/drizzle-orm/gel-core/columns/duration.d.ts(1,31): error TS2307: Cannot find module 'gel' or its corresponding type declarations.
node_modules/drizzle-orm/gel-core/columns/localdate.d.ts(1,32): error TS2307: Cannot find module 'gel' or its corresponding type declarations.
node_modules/drizzle-orm/gel-core/columns/localtime.d.ts(1,32): error TS2307: Cannot find module 'gel' or its corresponding type declarations.
node_modules/drizzle-orm/gel-core/columns/relative-duration.d.ts(1,39): error TS2307: Cannot find module 'gel' or its corresponding type declarations.
node_modules/drizzle-orm/gel-core/columns/timestamp.d.ts(1,36): error TS2307: Cannot find module 'gel' or its corresponding type declarations.
node_modules/drizzle-orm/gel-core/query-builders/query.d.ts(23,22): error TS2420: Class 'GelRelationalQuery<TResult>' incorrectly implements interface 'SQLWrapper'.
  Property 'getSQL' is missing in type 'GelRelationalQuery<TResult>' but required in type 'SQLWrapper'.
node_modules/drizzle-orm/gel-core/roles.d.ts(7,22): error TS2559: Type 'GelRole' has no properties in common with type 'GelRoleConfig'.
node_modules/drizzle-orm/mysql-core/db.d.ts(1,38): error TS2307: Cannot find module 'mysql2/promise' or its corresponding type declarations.
node_modules/drizzle-orm/mysql-core/query-builders/delete.d.ts(36,22): error TS2420: Class 'MySqlDeleteBase<TTable, TQueryResult, TPreparedQueryHKT, TDynamic, TExcludedMethods>' incorrectly implements interface 'SQLWrapper'.
  Property 'getSQL' is missing in type 'MySqlDeleteBase<TTable, TQueryResult, TPreparedQueryHKT, TDynamic, TExcludedMethods>' but required in type 'SQLWrapper'.
node_modules/drizzle-orm/mysql-core/query-builders/select.d.ts(294,244): error TS2344: Type 'string' does not satisfy the constraint 'keyof this & string'.
  Type 'string' is not assignable to type 'keyof this & string'.
    Type 'string' is not assignable to type 'keyof this'.
      Type '"session"' is not assignable to type '"offset" | "intersect" | "for" | "as" | "where" | "_" | "getSQL" | "union" | "except" | "orderBy" | "limit" | "leftJoin" | "rightJoin" | "innerJoin" | "toSQL" | "$dynamic" | "having" | ... 8 more ... | "$withCache"'.
node_modules/drizzle-orm/mysql-core/query-builders/select.d.ts(320,247): error TS2344: Type 'string' does not satisfy the constraint 'keyof this & string'.
  Type 'string' is not assignable to type 'keyof this & string'.
    Type 'string' is not assignable to type 'keyof this'.
      Type '"session"' is not assignable to type '"offset" | "intersect" | "for" | "as" | "where" | "_" | "getSQL" | "union" | "except" | "orderBy" | "limit" | "leftJoin" | "rightJoin" | "innerJoin" | "toSQL" | "$dynamic" | "having" | ... 8 more ... | "$withCache"'.
node_modules/drizzle-orm/mysql-core/query-builders/select.d.ts(346,248): error TS2344: Type 'string' does not satisfy the constraint 'keyof this & string'.
  Type 'string' is not assignable to type 'keyof this & string'.
    Type 'string' is not assignable to type 'keyof this'.
      Type '"session"' is not assignable to type '"offset" | "intersect" | "for" | "as" | "where" | "_" | "getSQL" | "union" | "except" | "orderBy" | "limit" | "leftJoin" | "rightJoin" | "innerJoin" | "toSQL" | "$dynamic" | "having" | ... 8 more ... | "$withCache"'.
node_modules/drizzle-orm/mysql-core/query-builders/select.d.ts(387,251): error TS2344: Type 'string' does not satisfy the constraint 'keyof this & string'.
  Type 'string' is not assignable to type 'keyof this & string'.
    Type 'string' is not assignable to type 'keyof this'.
      Type '"session"' is not assignable to type '"offset" | "intersect" | "for" | "as" | "where" | "_" | "getSQL" | "union" | "except" | "orderBy" | "limit" | "leftJoin" | "rightJoin" | "innerJoin" | "toSQL" | "$dynamic" | "having" | ... 8 more ... | "$withCache"'.
node_modules/drizzle-orm/mysql-core/query-builders/select.d.ts(413,245): error TS2344: Type 'string' does not satisfy the constraint 'keyof this & string'.
  Type 'string' is not assignable to type 'keyof this & string'.
    Type 'string' is not assignable to type 'keyof this'.
      Type '"session"' is not assignable to type '"offset" | "intersect" | "for" | "as" | "where" | "_" | "getSQL" | "union" | "except" | "orderBy" | "limit" | "leftJoin" | "rightJoin" | "innerJoin" | "toSQL" | "$dynamic" | "having" | ... 8 more ... | "$withCache"'.
node_modules/drizzle-orm/mysql-core/query-builders/select.d.ts(454,248): error TS2344: Type 'string' does not satisfy the constraint 'keyof this & string'.
  Type 'string' is not assignable to type 'keyof this & string'.
    Type 'string' is not assignable to type 'keyof this'.
      Type '"session"' is not assignable to type '"offset" | "intersect" | "for" | "as" | "where" | "_" | "getSQL" | "union" | "except" | "orderBy" | "limit" | "leftJoin" | "rightJoin" | "innerJoin" | "toSQL" | "$dynamic" | "having" | ... 8 more ... | "$withCache"'.
node_modules/drizzle-orm/mysql-core/query-builders/select.d.ts(611,22): error TS2515: Non-abstract class 'MySqlSelectBase<TTableName, TSelection, TSelectMode, TPreparedQueryHKT, TNullabilityMap, TDynamic, TExcludedMethods, TResult, TSelectedFields>' does not implement inherited abstract member getSQL from class 'MySqlSelectQueryBuilderBase<MySqlSelectHKT, TTableName, TSelection, TSelectMode, TPreparedQueryHKT, TNullabilityMap, TDynamic, TExcludedMethods, TResult, TSelectedFields>'.
node_modules/drizzle-orm/mysql-core/query-builders/select.types.d.ts(138,1149): error TS2344: Type 'MySqlSetOperatorExcludedMethods' does not satisfy the constraint '"offset" | "intersect" | "execute" | "for" | "as" | "catch" | "iterator" | "then" | "finally" | "prepare" | "where" | "_" | "getSQL" | "union" | "except" | "orderBy" | "limit" | ... 14 more ... | "$withCache"'.
  Type '"session"' is not assignable to type '"offset" | "intersect" | "execute" | "for" | "as" | "catch" | "iterator" | "then" | "finally" | "prepare" | "where" | "_" | "getSQL" | "union" | "except" | "orderBy" | "limit" | ... 14 more ... | "$withCache"'.
node_modules/drizzle-orm/pg-core/query-builders/query.d.ts(23,22): error TS2420: Class 'PgRelationalQuery<TResult>' incorrectly implements interface 'SQLWrapper'.
  Property 'getSQL' is missing in type 'PgRelationalQuery<TResult>' but required in type 'SQLWrapper'.
node_modules/drizzle-orm/pg-core/roles.d.ts(7,22): error TS2559: Type 'PgRole' has no properties in common with type 'PgRoleConfig'.
node_modules/drizzle-orm/singlestore-core/columns/bigint.d.ts(13,22): error TS2515: Non-abstract class 'SingleStoreBigInt53Builder<T>' does not implement inherited abstract member generatedAlwaysAs from class 'SingleStoreColumnBuilderWithAutoIncrement<T, { unsigned: boolean; }, ColumnBuilderExtraConfig>'.
node_modules/drizzle-orm/singlestore-core/columns/bigint.d.ts(35,22): error TS2515: Non-abstract class 'SingleStoreBigInt64Builder<T>' does not implement inherited abstract member generatedAlwaysAs from class 'SingleStoreColumnBuilderWithAutoIncrement<T, { unsigned: boolean; }, ColumnBuilderExtraConfig>'.
node_modules/drizzle-orm/singlestore-core/columns/binary.d.ts(14,22): error TS2515: Non-abstract class 'SingleStoreBinaryBuilder<T>' does not implement inherited abstract member generatedAlwaysAs from class 'SingleStoreColumnBuilder<T, SingleStoreBinaryConfig, object, ColumnBuilderExtraConfig>'.
node_modules/drizzle-orm/singlestore-core/columns/boolean.d.ts(14,22): error TS2515: Non-abstract class 'SingleStoreBooleanBuilder<T>' does not implement inherited abstract member generatedAlwaysAs from class 'SingleStoreColumnBuilder<T, object, object, ColumnBuilderExtraConfig>'.
node_modules/drizzle-orm/singlestore-core/columns/char.d.ts(16,22): error TS2515: Non-abstract class 'SingleStoreCharBuilder<T>' does not implement inherited abstract member generatedAlwaysAs from class 'SingleStoreColumnBuilder<T, SingleStoreCharConfig<T["enumValues"], T["length"]>, { length: T["length"]; }, ColumnBuilderExtraConfig>'.
node_modules/drizzle-orm/singlestore-core/columns/custom.d.ts(24,22): error TS2515: Non-abstract class 'SingleStoreCustomColumnBuilder<T>' does not implement inherited abstract member generatedAlwaysAs from class 'SingleStoreColumnBuilder<T, { fieldConfig: Record<string, any> | undefined; customTypeParams: CustomTypeParams<any>; }, { singlestoreColumnBuilderBrand: "SingleStoreCustomColumnBuilderBrand"; }, ColumnBuilderExtraConfig>'.
node_modules/drizzle-orm/singlestore-core/columns/date.d.ts(16,22): error TS2515: Non-abstract class 'SingleStoreDateBuilder<T>' does not implement inherited abstract member generatedAlwaysAs from class 'SingleStoreColumnBuilder<T, object, object, ColumnBuilderExtraConfig>'.
node_modules/drizzle-orm/singlestore-core/columns/date.d.ts(37,22): error TS2515: Non-abstract class 'SingleStoreDateStringBuilder<T>' does not implement inherited abstract member generatedAlwaysAs from class 'SingleStoreColumnBuilder<T, object, object, ColumnBuilderExtraConfig>'.
node_modules/drizzle-orm/singlestore-core/columns/datetime.d.ts(16,22): error TS2515: Non-abstract class 'SingleStoreDateTimeBuilder<T>' does not implement inherited abstract member generatedAlwaysAs from class 'SingleStoreColumnBuilder<T, SingleStoreDatetimeConfig<"string" | "date">, object, ColumnBuilderExtraConfig>'.
node_modules/drizzle-orm/singlestore-core/columns/datetime.d.ts(38,22): error TS2515: Non-abstract class 'SingleStoreDateTimeStringBuilder<T>' does not implement inherited abstract member generatedAlwaysAs from class 'SingleStoreColumnBuilder<T, SingleStoreDatetimeConfig<"string" | "date">, object, ColumnBuilderExtraConfig>'.
node_modules/drizzle-orm/singlestore-core/columns/decimal.d.ts(15,22): error TS2515: Non-abstract class 'SingleStoreDecimalBuilder<T>' does not implement inherited abstract member generatedAlwaysAs from class 'SingleStoreColumnBuilderWithAutoIncrement<T, SingleStoreDecimalConfig<"string" | "number" | "bigint">, ColumnBuilderExtraConfig>'.
node_modules/drizzle-orm/singlestore-core/columns/decimal.d.ts(36,22): error TS2515: Non-abstract class 'SingleStoreDecimalNumberBuilder<T>' does not implement inherited abstract member generatedAlwaysAs from class 'SingleStoreColumnBuilderWithAutoIncrement<T, SingleStoreDecimalConfig<"string" | "number" | "bigint">, ColumnBuilderExtraConfig>'.
node_modules/drizzle-orm/singlestore-core/columns/decimal.d.ts(58,22): error TS2515: Non-abstract class 'SingleStoreDecimalBigIntBuilder<T>' does not implement inherited abstract member generatedAlwaysAs from class 'SingleStoreColumnBuilderWithAutoIncrement<T, SingleStoreDecimalConfig<"string" | "number" | "bigint">, ColumnBuilderExtraConfig>'.
node_modules/drizzle-orm/singlestore-core/columns/double.d.ts(14,22): error TS2515: Non-abstract class 'SingleStoreDoubleBuilder<T>' does not implement inherited abstract member generatedAlwaysAs from class 'SingleStoreColumnBuilderWithAutoIncrement<T, SingleStoreDoubleConfig, ColumnBuilderExtraConfig>'.
node_modules/drizzle-orm/singlestore-core/columns/enum.d.ts(19,5): error TS2416: Property 'generatedAlwaysAs' in type 'SingleStoreEnumColumnBuilder<T>' is not assignable to the same property in base type 'SingleStoreColumnBuilder<T, { enumValues: T["enumValues"]; }, object, ColumnBuilderExtraConfig>'.
  Type '(as: SQL<unknown> | (() => SQL<unknown>) | T["data"], config?: Partial<GeneratedColumnConfig<unknown>> | undefined) => HasGenerated<this, {}>' is not assignable to type '(as: SQL<unknown> | (() => SQL<unknown>) | T["data"], config?: Partial<GeneratedColumnConfig<unknown>> | undefined) => HasGenerated<this, { type: "always"; }>'.
    Type 'HasGenerated<this, {}>' is not assignable to type 'HasGenerated<this, { type: "always"; }>'.
      Type 'HasGenerated<this, {}>' is not assignable to type '{ _: { hasDefault: true; generated: { type: "always"; }; }; }'.
        The types of '_.generated' are incompatible between these types.
          Property 'type' is missing in type '{}' but required in type '{ type: "always"; }'.
node_modules/drizzle-orm/singlestore-core/columns/float.d.ts(14,22): error TS2515: Non-abstract class 'SingleStoreFloatBuilder<T>' does not implement inherited abstract member generatedAlwaysAs from class 'SingleStoreColumnBuilderWithAutoIncrement<T, SingleStoreFloatConfig, ColumnBuilderExtraConfig>'.
node_modules/drizzle-orm/singlestore-core/columns/int.d.ts(14,22): error TS2515: Non-abstract class 'SingleStoreIntBuilder<T>' does not implement inherited abstract member generatedAlwaysAs from class 'SingleStoreColumnBuilderWithAutoIncrement<T, SingleStoreIntConfig, ColumnBuilderExtraConfig>'.
node_modules/drizzle-orm/singlestore-core/columns/json.d.ts(14,22): error TS2515: Non-abstract class 'SingleStoreJsonBuilder<T>' does not implement inherited abstract member generatedAlwaysAs from class 'SingleStoreColumnBuilder<T, object, object, ColumnBuilderExtraConfig>'.
node_modules/drizzle-orm/singlestore-core/columns/mediumint.d.ts(15,22): error TS2515: Non-abstract class 'SingleStoreMediumIntBuilder<T>' does not implement inherited abstract member generatedAlwaysAs from class 'SingleStoreColumnBuilderWithAutoIncrement<T, SingleStoreIntConfig, ColumnBuilderExtraConfig>'.
node_modules/drizzle-orm/singlestore-core/columns/real.d.ts(14,22): error TS2515: Non-abstract class 'SingleStoreRealBuilder<T>' does not implement inherited abstract member generatedAlwaysAs from class 'SingleStoreColumnBuilderWithAutoIncrement<T, SingleStoreRealConfig, ColumnBuilderExtraConfig>'.
node_modules/drizzle-orm/singlestore-core/columns/serial.d.ts(14,22): error TS2515: Non-abstract class 'SingleStoreSerialBuilder<T>' does not implement inherited abstract member generatedAlwaysAs from class 'SingleStoreColumnBuilderWithAutoIncrement<T, object, ColumnBuilderExtraConfig>'.
node_modules/drizzle-orm/singlestore-core/columns/smallint.d.ts(15,22): error TS2515: Non-abstract class 'SingleStoreSmallIntBuilder<T>' does not implement inherited abstract member generatedAlwaysAs from class 'SingleStoreColumnBuilderWithAutoIncrement<T, SingleStoreIntConfig, ColumnBuilderExtraConfig>'.
node_modules/drizzle-orm/singlestore-core/columns/text.d.ts(16,22): error TS2515: Non-abstract class 'SingleStoreTextBuilder<T>' does not implement inherited abstract member generatedAlwaysAs from class 'SingleStoreColumnBuilder<T, { textType: SingleStoreTextColumnType; enumValues: T["enumValues"]; }, object, ColumnBuilderExtraConfig>'.
node_modules/drizzle-orm/singlestore-core/columns/time.d.ts(14,22): error TS2515: Non-abstract class 'SingleStoreTimeBuilder<T>' does not implement inherited abstract member generatedAlwaysAs from class 'SingleStoreColumnBuilder<T, object, object, ColumnBuilderExtraConfig>'.
node_modules/drizzle-orm/singlestore-core/columns/timestamp.d.ts(15,22): error TS2515: Non-abstract class 'SingleStoreTimestampBuilder<T>' does not implement inherited abstract member generatedAlwaysAs from class 'SingleStoreDateColumnBaseBuilder<T, SingleStoreTimestampConfig<"string" | "date">, ColumnBuilderExtraConfig>'.
node_modules/drizzle-orm/singlestore-core/columns/timestamp.d.ts(35,22): error TS2515: Non-abstract class 'SingleStoreTimestampStringBuilder<T>' does not implement inherited abstract member generatedAlwaysAs from class 'SingleStoreDateColumnBaseBuilder<T, SingleStoreTimestampConfig<"string" | "date">, ColumnBuilderExtraConfig>'.
node_modules/drizzle-orm/singlestore-core/columns/tinyint.d.ts(15,22): error TS2515: Non-abstract class 'SingleStoreTinyIntBuilder<T>' does not implement inherited abstract member generatedAlwaysAs from class 'SingleStoreColumnBuilderWithAutoIncrement<T, SingleStoreIntConfig, ColumnBuilderExtraConfig>'.
node_modules/drizzle-orm/singlestore-core/columns/varbinary.d.ts(14,22): error TS2515: Non-abstract class 'SingleStoreVarBinaryBuilder<T>' does not implement inherited abstract member generatedAlwaysAs from class 'SingleStoreColumnBuilder<T, SingleStoreVarbinaryOptions, object, ColumnBuilderExtraConfig>'.
node_modules/drizzle-orm/singlestore-core/columns/varchar.d.ts(16,22): error TS2515: Non-abstract class 'SingleStoreVarCharBuilder<T>' does not implement inherited abstract member generatedAlwaysAs from class 'SingleStoreColumnBuilder<T, SingleStoreVarCharConfig<T["enumValues"], T["length"]>, { length: T["length"]; }, ColumnBuilderExtraConfig>'.
node_modules/drizzle-orm/singlestore-core/columns/vector.d.ts(13,22): error TS2515: Non-abstract class 'SingleStoreVectorBuilder<T>' does not implement inherited abstract member generatedAlwaysAs from class 'SingleStoreColumnBuilder<T, SingleStoreVectorConfig, object, ColumnBuilderExtraConfig>'.
node_modules/drizzle-orm/singlestore-core/columns/year.d.ts(14,22): error TS2515: Non-abstract class 'SingleStoreYearBuilder<T>' does not implement inherited abstract member generatedAlwaysAs from class 'SingleStoreColumnBuilder<T, object, object, ColumnBuilderExtraConfig>'.
node_modules/drizzle-orm/singlestore-core/db.d.ts(1,38): error TS2307: Cannot find module 'mysql2/promise' or its corresponding type declarations.
node_modules/drizzle-orm/singlestore-core/query-builders/delete.d.ts(36,22): error TS2420: Class 'SingleStoreDeleteBase<TTable, TQueryResult, TPreparedQueryHKT, TDynamic, TExcludedMethods>' incorrectly implements interface 'SQLWrapper'.
  Property 'getSQL' is missing in type 'SingleStoreDeleteBase<TTable, TQueryResult, TPreparedQueryHKT, TDynamic, TExcludedMethods>' but required in type 'SQLWrapper'.
node_modules/drizzle-orm/singlestore-core/query-builders/select.d.ts(268,262): error TS2344: Type 'string' does not satisfy the constraint 'keyof this & string'.
  Type 'string' is not assignable to type 'keyof this & string'.
    Type 'string' is not assignable to type 'keyof this'.
      Type '"session"' is not assignable to type '"offset" | "intersect" | "for" | "as" | "where" | "_" | "minus" | "getSQL" | "union" | "except" | "orderBy" | "limit" | "leftJoin" | "rightJoin" | "innerJoin" | "fullJoin" | "toSQL" | ... 7 more ... | "unionAll"'.
node_modules/drizzle-orm/singlestore-core/query-builders/select.d.ts(294,265): error TS2344: Type 'string' does not satisfy the constraint 'keyof this & string'.
  Type 'string' is not assignable to type 'keyof this & string'.
    Type 'string' is not assignable to type 'keyof this'.
      Type '"session"' is not assignable to type '"offset" | "intersect" | "for" | "as" | "where" | "_" | "minus" | "getSQL" | "union" | "except" | "orderBy" | "limit" | "leftJoin" | "rightJoin" | "innerJoin" | "fullJoin" | "toSQL" | ... 7 more ... | "unionAll"'.
node_modules/drizzle-orm/singlestore-core/query-builders/select.d.ts(320,266): error TS2344: Type 'string' does not satisfy the constraint 'keyof this & string'.
  Type 'string' is not assignable to type 'keyof this & string'.
    Type 'string' is not assignable to type 'keyof this'.
      Type '"session"' is not assignable to type '"offset" | "intersect" | "for" | "as" | "where" | "_" | "minus" | "getSQL" | "union" | "except" | "orderBy" | "limit" | "leftJoin" | "rightJoin" | "innerJoin" | "fullJoin" | "toSQL" | ... 7 more ... | "unionAll"'.
node_modules/drizzle-orm/singlestore-core/query-builders/select.d.ts(346,263): error TS2344: Type 'string' does not satisfy the constraint 'keyof this & string'.
  Type 'string' is not assignable to type 'keyof this & string'.
    Type 'string' is not assignable to type 'keyof this'.
      Type '"session"' is not assignable to type '"offset" | "intersect" | "for" | "as" | "where" | "_" | "minus" | "getSQL" | "union" | "except" | "orderBy" | "limit" | "leftJoin" | "rightJoin" | "innerJoin" | "fullJoin" | "toSQL" | ... 7 more ... | "unionAll"'.
node_modules/drizzle-orm/singlestore-core/query-builders/select.d.ts(370,262): error TS2344: Type 'string' does not satisfy the constraint 'keyof this & string'.
  Type 'string' is not assignable to type 'keyof this & string'.
    Type 'string' is not assignable to type 'keyof this'.
      Type '"session"' is not assignable to type '"offset" | "intersect" | "for" | "as" | "where" | "_" | "minus" | "getSQL" | "union" | "except" | "orderBy" | "limit" | "leftJoin" | "rightJoin" | "innerJoin" | "fullJoin" | "toSQL" | ... 7 more ... | "unionAll"'.
node_modules/drizzle-orm/singlestore-core/query-builders/select.d.ts(520,22): error TS2515: Non-abstract class 'SingleStoreSelectBase<TTableName, TSelection, TSelectMode, TPreparedQueryHKT, TNullabilityMap, TDynamic, TExcludedMethods, TResult, TSelectedFields>' does not implement inherited abstract member getSQL from class 'SingleStoreSelectQueryBuilderBase<SingleStoreSelectHKT, TTableName, TSelection, TSelectMode, TPreparedQueryHKT, TNullabilityMap, TDynamic, TExcludedMethods, TResult, TSelectedFields>'.
node_modules/drizzle-orm/singlestore-core/query-builders/select.types.d.ts(130,1185): error TS2344: Type 'SingleStoreSetOperatorExcludedMethods' does not satisfy the constraint '"offset" | "intersect" | "execute" | "for" | "as" | "catch" | "iterator" | "then" | "finally" | "prepare" | "where" | "_" | "minus" | "getSQL" | "union" | "except" | "orderBy" | ... 14 more ... | "$withCache"'.
  Type '"session"' is not assignable to type '"offset" | "intersect" | "execute" | "for" | "as" | "catch" | "iterator" | "then" | "finally" | "prepare" | "where" | "_" | "minus" | "getSQL" | "union" | "except" | "orderBy" | ... 14 more ... | "$withCache"'.
node_modules/drizzle-orm/singlestore/driver.d.ts(1,100): error TS2307: Cannot find module 'mysql2' or its corresponding type declarations.
node_modules/drizzle-orm/singlestore/driver.d.ts(2,39): error TS2307: Cannot find module 'mysql2/promise' or its corresponding type declarations.
node_modules/drizzle-orm/singlestore/session.d.ts(1,94): error TS2307: Cannot find module 'mysql2/promise' or its corresponding type declarations.
node_modules/drizzle-orm/sqlite-core/query-builders/query.d.ts(25,22): error TS2420: Class 'SQLiteRelationalQuery<TType, TResult>' incorrectly implements interface 'SQLWrapper'.
  Property 'getSQL' is missing in type 'SQLiteRelationalQuery<TType, TResult>' but required in type 'SQLWrapper'.
node_modules/drizzle-orm/sqlite-core/query-builders/select.d.ts(233,247): error TS2344: Type 'string' does not satisfy the constraint 'keyof this & string'.
  Type 'string' is not assignable to type 'keyof this & string'.
    Type 'string' is not assignable to type 'keyof this'.
      Type '"config"' is not assignable to type '"offset" | "intersect" | "as" | "where" | "_" | "getSQL" | "union" | "except" | "orderBy" | "limit" | "leftJoin" | "rightJoin" | "innerJoin" | "fullJoin" | "toSQL" | "$dynamic" | "having" | "groupBy" | "crossJoin" | "unionAll"'.
node_modules/drizzle-orm/sqlite-core/query-builders/select.d.ts(259,250): error TS2344: Type 'string' does not satisfy the constraint 'keyof this & string'.
  Type 'string' is not assignable to type 'keyof this & string'.
    Type 'string' is not assignable to type 'keyof this'.
      Type '"config"' is not assignable to type '"offset" | "intersect" | "as" | "where" | "_" | "getSQL" | "union" | "except" | "orderBy" | "limit" | "leftJoin" | "rightJoin" | "innerJoin" | "fullJoin" | "toSQL" | "$dynamic" | "having" | "groupBy" | "crossJoin" | "unionAll"'.
node_modules/drizzle-orm/sqlite-core/query-builders/select.d.ts(285,251): error TS2344: Type 'string' does not satisfy the constraint 'keyof this & string'.
  Type 'string' is not assignable to type 'keyof this & string'.
    Type 'string' is not assignable to type 'keyof this'.
      Type '"config"' is not assignable to type '"offset" | "intersect" | "as" | "where" | "_" | "getSQL" | "union" | "except" | "orderBy" | "limit" | "leftJoin" | "rightJoin" | "innerJoin" | "fullJoin" | "toSQL" | "$dynamic" | "having" | "groupBy" | "crossJoin" | "unionAll"'.
node_modules/drizzle-orm/sqlite-core/query-builders/select.d.ts(311,248): error TS2344: Type 'string' does not satisfy the constraint 'keyof this & string'.
  Type 'string' is not assignable to type 'keyof this & string'.
    Type 'string' is not assignable to type 'keyof this'.
      Type '"config"' is not assignable to type '"offset" | "intersect" | "as" | "where" | "_" | "getSQL" | "union" | "except" | "orderBy" | "limit" | "leftJoin" | "rightJoin" | "innerJoin" | "fullJoin" | "toSQL" | "$dynamic" | "having" | "groupBy" | "crossJoin" | "unionAll"'.
node_modules/drizzle-orm/sqlite-core/query-builders/select.d.ts(452,22): error TS2515: Non-abstract class 'SQLiteSelectBase<TTableName, TResultType, TRunResult, TSelection, TSelectMode, TNullabilityMap, TDynamic, TExcludedMethods, TResult, TSelectedFields>' does not implement inherited abstract member getSQL from class 'SQLiteSelectQueryBuilderBase<SQLiteSelectHKT, TTableName, TResultType, TRunResult, TSelection, TSelectMode, TNullabilityMap, TDynamic, TExcludedMethods, TResult, TSelectedFields>'.
node_modules/drizzle-orm/sqlite-core/query-builders/select.types.d.ts(123,1157): error TS2344: Type 'SQLiteSetOperatorExcludedMethods' does not satisfy the constraint '"values" | "all" | "offset" | "intersect" | "get" | "execute" | "as" | "catch" | "then" | "finally" | "prepare" | "where" | "_" | "run" | "getSQL" | "union" | "except" | "orderBy" | ... 11 more ... | "$withCache"'.
  Type '"config"' is not assignable to type '"values" | "all" | "offset" | "intersect" | "get" | "execute" | "as" | "catch" | "then" | "finally" | "prepare" | "where" | "_" | "run" | "getSQL" | "union" | "except" | "orderBy" | ... 11 more ... | "$withCache"'.
node_modules/h3/dist/index.d.ts(29,100): error TS2552: Cannot find name 'FetchEvent'. Did you mean 'TouchEvent'?
node_modules/listhen/dist/index.d.ts(8,33): error TS2307: Cannot find module 'jiti/lib/types' or its corresponding type declarations.
node_modules/nitropack/dist/presets/cloudflare/types.d.ts(1,110): error TS2307: Cannot find module '@cloudflare/workers-types' or its corresponding type declarations.
node_modules/nitropack/dist/presets/cloudflare/types.d.ts(2,36): error TS2307: Cannot find module 'cloudflare:workers' or its corresponding type declarations.
node_modules/nitropack/dist/presets/firebase/types.d.ts(1,45): error TS2307: Cannot find module 'firebase-functions' or its corresponding type declarations.
node_modules/nitropack/dist/presets/firebase/types.d.ts(2,35): error TS2307: Cannot find module 'firebase-functions/v2/https' or its corresponding type declarations.
node_modules/nitropack/dist/shared/nitro.DLF2_KRt.d.ts(27,43): error TS2307: Cannot find module '@scalar/api-reference' or its corresponding type declarations.
node_modules/nitropack/dist/types/index.d.ts(165,20): error TS2321: Excessive stack depth comparing types '{ key: string; exact: false; score: []; catchAll: false; }' and '{ score: MaxTuple<Matches["score"], []>; }'.
node_modules/nitropack/node_modules/h3/dist/index.d.ts(29,100): error TS2552: Cannot find name 'FetchEvent'. Did you mean 'TouchEvent'?
node_modules/node-mock-http/dist/index.d.mts(13,15): error TS2720: Class 'Socket' incorrectly implements class 'import("net").Socket'. Did you mean to extend 'import("net").Socket' and inherit its members as a subclass?
  Property 'remoteAddress' is optional in type 'Socket' but required in type 'Socket'.
node_modules/node-mock-http/dist/index.d.mts(109,5): error TS2416: Property 'connection' in type 'IncomingMessage' is not assignable to the same property in base type 'IncomingMessage'.
  Type 'Socket' is not assignable to type 'import("net").Socket'.
    Property 'remoteAddress' is optional in type 'Socket' but required in type 'Socket'.
node_modules/node-mock-http/dist/index.d.mts(110,5): error TS2416: Property 'socket' in type 'IncomingMessage' is not assignable to the same property in base type 'IncomingMessage'.
  Type 'Socket' is not assignable to type 'import("net").Socket'.
    Property 'remoteAddress' is optional in type 'Socket' but required in type 'Socket'.
node_modules/ofetch/dist/shared/ofetch.d0b3d489.d.mts(1,25): error TS2307: Cannot find module 'undici' or its corresponding type declarations.
node_modules/unenv/runtime/node/http/_request.d.ts(11,5): error TS2416: Property 'connection' in type 'IncomingMessage' is not assignable to the same property in base type 'IncomingMessage'.
  Type 'import("/home/hmjn/project/web/solid-imager/node_modules/unenv/runtime/node/net/socket").Socket' is not assignable to type 'import("net").Socket'.
    Property 'remoteAddress' is optional in type 'Socket' but required in type 'Socket'.
node_modules/unenv/runtime/node/http/_request.d.ts(12,5): error TS2416: Property 'socket' in type 'IncomingMessage' is not assignable to the same property in base type 'IncomingMessage'.
  Type 'import("/home/hmjn/project/web/solid-imager/node_modules/unenv/runtime/node/net/socket").Socket' is not assignable to type 'import("net").Socket'.
    Property 'remoteAddress' is optional in type 'Socket' but required in type 'Socket'.
node_modules/unenv/runtime/node/http/_response.d.ts(5,22): error TS2720: Class 'ServerResponse' incorrectly implements class 'ServerResponse<IncomingMessage>'. Did you mean to extend 'ServerResponse<IncomingMessage>' and inherit its members as a subclass?
  Property 'setHeaders' is missing in type 'ServerResponse' but required in type 'ServerResponse<IncomingMessage>'.
node_modules/unenv/runtime/node/net/socket.d.ts(4,22): error TS2720: Class 'import("/home/hmjn/project/web/solid-imager/node_modules/unenv/runtime/node/net/socket").Socket' incorrectly implements class 'import("net").Socket'. Did you mean to extend 'import("net").Socket' and inherit its members as a subclass?
  Property 'remoteAddress' is optional in type 'Socket' but required in type 'Socket'.
node_modules/unenv/runtime/node/stream/readable.d.ts(45,5): error TS2416: Property '[Symbol.asyncIterator]' in type '_Readable' is not assignable to the same property in base type 'Readable'.
  Type '() => AsyncIterableIterator<any>' is not assignable to type '() => AsyncIterator<any, undefined, any>'.
    Property '[Symbol.asyncDispose]' is missing in type 'AsyncIterableIterator<any>' but required in type 'AsyncIterator<any, undefined, any>'.
node_modules/unenv/runtime/node/stream/readable.d.ts(46,5): error TS2416: Property 'iterator' in type '_Readable' is not assignable to the same property in base type 'Readable'.
  Type '(options?: { destroyOnReturn?: boolean | undefined; } | undefined) => AsyncIterableIterator<any>' is not assignable to type '(options?: { destroyOnReturn?: boolean | undefined; } | undefined) => AsyncIterator<any, undefined, any>'.
    Property '[Symbol.asyncDispose]' is missing in type 'AsyncIterableIterator<any>' but required in type 'AsyncIterator<any, undefined, any>'.
node_modules/unplugin/dist/index.d.ts(2,46): error TS2307: Cannot find module '@farmfe/core' or its corresponding type declarations.
node_modules/unplugin/dist/index.d.ts(3,94): error TS2307: Cannot find module '@rspack/core' or its corresponding type declarations.
node_modules/unplugin/dist/index.d.ts(5,42): error TS2307: Cannot find module 'rolldown' or its corresponding type declarations.
node_modules/unplugin/dist/index.d.ts(7,42): error TS2307: Cannot find module 'unloader' or its corresponding type declarations.
node_modules/unplugin/dist/index.d.ts(9,132): error TS2307: Cannot find module 'webpack' or its corresponding type declarations.
node_modules/unstorage/drivers/azure-app-configuration.d.ts(1,40): error TS2307: Cannot find module '@azure/app-configuration' or its corresponding type declarations.
node_modules/unstorage/drivers/azure-cosmos.d.ts(1,27): error TS2307: Cannot find module '@azure/cosmos' or its corresponding type declarations.
node_modules/unstorage/drivers/azure-key-vault.d.ts(1,56): error TS2307: Cannot find module '@azure/keyvault-secrets' or its corresponding type declarations.
node_modules/unstorage/drivers/azure-storage-blob.d.ts(1,33): error TS2307: Cannot find module '@azure/storage-blob' or its corresponding type declarations.
node_modules/unstorage/drivers/azure-storage-table.d.ts(1,29): error TS2307: Cannot find module '@azure/data-tables' or its corresponding type declarations.
node_modules/unstorage/drivers/capacitor-preferences.d.ts(4,120): error TS2307: Cannot find module '@capacitor/preferences' or its corresponding type declarations.
node_modules/unstorage/drivers/cloudflare-kv-binding.d.ts(2,24): error TS2304: Cannot find name 'KVNamespace'.
node_modules/unstorage/drivers/cloudflare-kv-binding.d.ts(11,77): error TS2304: Cannot find name 'KVNamespace'.
node_modules/unstorage/drivers/cloudflare-r2-binding.d.ts(2,24): error TS2304: Cannot find name 'R2Bucket'.
node_modules/unstorage/drivers/cloudflare-r2-binding.d.ts(5,121): error TS2304: Cannot find name 'R2Bucket'.
node_modules/unstorage/drivers/deno-kv-node.d.ts(1,33): error TS2307: Cannot find module '@deno/kv' or its corresponding type declarations.
node_modules/unstorage/drivers/deno-kv.d.ts(1,25): error TS2307: Cannot find module '@deno/kv' or its corresponding type declarations.
node_modules/unstorage/drivers/deno-kv.d.ts(5,28): error TS2503: Cannot find namespace 'Deno'.
node_modules/unstorage/drivers/deno-kv.d.ts(11,93): error TS2503: Cannot find namespace 'Deno'.
node_modules/unstorage/drivers/mongodb.d.ts(1,58): error TS2307: Cannot find module 'mongodb' or its corresponding type declarations.
node_modules/unstorage/drivers/mongodb.d.ts(22,105): error TS2307: Cannot find module 'mongodb' or its corresponding type declarations.
node_modules/unstorage/drivers/netlify-blobs.d.ts(1,68): error TS2307: Cannot find module '@netlify/blobs' or its corresponding type declarations.
node_modules/unstorage/drivers/planetscale.d.ts(1,33): error TS2307: Cannot find module '@planetscale/database' or its corresponding type declarations.
node_modules/unstorage/drivers/uploadthing.d.ts(1,23): error TS2307: Cannot find module 'uploadthing/server' or its corresponding type declarations.
node_modules/unstorage/drivers/upstash.d.ts(1,47): error TS2307: Cannot find module '@upstash/redis' or its corresponding type declarations.
node_modules/unstorage/drivers/vercel-kv.d.ts(1,31): error TS2307: Cannot find module '@vercel/kv' or its corresponding type declarations.
node_modules/unstorage/drivers/vercel-kv.d.ts(2,40): error TS2307: Cannot find module '@upstash/redis' or its corresponding type declarations.
node_modules/unstorage/drivers/vercel-runtime-cache.d.ts(1,35): error TS2307: Cannot find module '@vercel/functions' or its corresponding type declarations.
node_modules/unstorage/node_modules/lru-cache/dist/esm/index.d.ts(973,5): error TS2416: Property 'entries' in type 'LRUCache<K, V, FC>' is not assignable to the same property in base type 'Map<K, V>'.
  Type '() => Generator<[K, V], void, unknown>' is not assignable to type '() => MapIterator<[K, V]>'.
    Call signature return types 'Generator<[K, V], void, unknown>' and 'MapIterator<[K, V]>' are incompatible.
      The types returned by 'next(...)' are incompatible between these types.
        Type 'IteratorResult<[K, V], void>' is not assignable to type 'IteratorResult<[K, V], undefined>'.
          Type 'IteratorReturnResult<void>' is not assignable to type 'IteratorResult<[K, V], undefined>'.
            Type 'IteratorReturnResult<void>' is not assignable to type 'IteratorReturnResult<undefined>'.
              Type 'void' is not assignable to type 'undefined'.
node_modules/unstorage/node_modules/lru-cache/dist/esm/index.d.ts(985,5): error TS2416: Property 'keys' in type 'LRUCache<K, V, FC>' is not assignable to the same property in base type 'Map<K, V>'.
  Type '() => Generator<K, void, unknown>' is not assignable to type '() => MapIterator<K>'.
    Call signature return types 'Generator<K, void, unknown>' and 'MapIterator<K>' are incompatible.
      The types returned by 'next(...)' are incompatible between these types.
        Type 'IteratorResult<K, void>' is not assignable to type 'IteratorResult<K, undefined>'.
          Type 'IteratorReturnResult<void>' is not assignable to type 'IteratorResult<K, undefined>'.
            Type 'IteratorReturnResult<void>' is not assignable to type 'IteratorReturnResult<undefined>'.
              Type 'void' is not assignable to type 'undefined'.
node_modules/unstorage/node_modules/lru-cache/dist/esm/index.d.ts(997,5): error TS2416: Property 'values' in type 'LRUCache<K, V, FC>' is not assignable to the same property in base type 'Map<K, V>'.
  Type '() => Generator<V, void, unknown>' is not assignable to type '() => MapIterator<V>'.
    Call signature return types 'Generator<V, void, unknown>' and 'MapIterator<V>' are incompatible.
      The types returned by 'next(...)' are incompatible between these types.
        Type 'IteratorResult<V, void>' is not assignable to type 'IteratorResult<V, undefined>'.
          Type 'IteratorReturnResult<void>' is not assignable to type 'IteratorResult<V, undefined>'.
            Type 'IteratorReturnResult<void>' is not assignable to type 'IteratorReturnResult<undefined>'.
              Type 'void' is not assignable to type 'undefined'.
node_modules/unstorage/node_modules/lru-cache/dist/esm/index.d.ts(1009,5): error TS2416: Property '[Symbol.iterator]' in type 'LRUCache<K, V, FC>' is not assignable to the same property in base type 'Map<K, V>'.
  Type '() => Generator<[K, V], void, unknown>' is not assignable to type '() => MapIterator<[K, V]>'.
    Call signature return types 'Generator<[K, V], void, unknown>' and 'MapIterator<[K, V]>' are incompatible.
      The types returned by 'next(...)' are incompatible between these types.
        Type 'IteratorResult<[K, V], void>' is not assignable to type 'IteratorResult<[K, V], undefined>'.
          Type 'IteratorReturnResult<void>' is not assignable to type 'IteratorResult<[K, V], undefined>'.
            Type 'IteratorReturnResult<void>' is not assignable to type 'IteratorReturnResult<undefined>'.
              Type 'void' is not assignable to type 'undefined'.
node_modules/unstorage/node_modules/lru-cache/dist/esm/index.d.ts(1032,5): error TS2416: Property 'forEach' in type 'LRUCache<K, V, FC>' is not assignable to the same property in base type 'Map<K, V>'.
  Type '(fn: (v: V, k: K, self: LRUCache<K, V, FC>) => any, thisp?: any) => void' is not assignable to type '(callbackfn: (value: V, key: K, map: Map<K, V>) => void, thisArg?: any) => void'.
    Types of parameters 'fn' and 'callbackfn' are incompatible.
      Types of parameters 'map' and 'self' are incompatible.
        Type 'LRUCache<K, V, FC>' is not assignable to type 'Map<K, V>'.
          The types returned by 'entries().next(...)' are incompatible between these types.
            Type 'IteratorResult<[K, V], void>' is not assignable to type 'IteratorResult<[K, V], undefined>'.
              Type 'IteratorReturnResult<void>' is not assignable to type 'IteratorResult<[K, V], undefined>'.
                Type 'IteratorReturnResult<void>' is not assignable to type 'IteratorReturnResult<undefined>'.
                  Type 'void' is not assignable to type 'undefined'.
node_modules/vite/dist/node/index.d.ts(3746,11): error TS2430: Interface 'UserConfig' incorrectly extends interface 'DefaultEnvironmentOptions'.
  Types of property 'dev' are incompatible.
    Type 'DevConfig | undefined' is not assignable to type 'DevEnvironmentOptions | undefined'.
      Type 'DevConfig' has no properties in common with type 'DevEnvironmentOptions'.
node_modules/vite/dist/node/module-runner.d.ts(149,11): error TS2430: Interface 'ModuleRunnerImportMeta' incorrectly extends interface 'ImportMeta'.
  Types of property 'env' are incompatible.
    Type 'ImportMetaEnv' is missing the following properties from type 'ImportMetaEnv': MANIFEST, START_SSR, START_ISLANDS, START_DEV_OVERLAY, SERVER_BASE_URL
node_modules/webpack-virtual-modules/lib/index.d.ts(1,31): error TS2307: Cannot find module 'webpack' or its corresponding type declarations.
scripts/test-ai-service.ts(28,40): error TS2551: Property 'getCCIPFeature' does not exist on type 'TaggingService'. Did you mean 'getCcipFeature'?
src/application/services/thumbnail-service.ts(4,8): error TS2307: Cannot find module '~/infrastructure/api-clients/thumbnails' or its corresponding type declarations.
src/components/media/media-sidebar.tsx(165,28): error TS2345: Argument of type 'string' is not assignable to parameter of type 'number'.
src/components/media/media-sidebar.tsx(185,23): error TS2345: Argument of type 'string' is not assignable to parameter of type 'number'.
src/components/media/media-sidebar.tsx(212,55): error TS2367: This comparison appears to be unintentional because the types 'string' and 'number' have no overlap.
src/components/media/media-sidebar.tsx(216,27): error TS2345: Argument of type 'string' is not assignable to parameter of type 'number'.
src/components/media/media-sidebar.tsx(234,30): error TS2345: Argument of type 'string' is not assignable to parameter of type 'number'.
src/components/media/search-filters.tsx(233,54): error TS2345: Argument of type 'string' is not assignable to parameter of type 'number'.
src/components/media/search-filters.tsx(235,15): error TS2322: Type 'string | number' is not assignable to type 'number'.
  Type 'string' is not assignable to type 'number'.
src/components/media/search-filters.tsx(236,15): error TS2322: Type 'string' is not assignable to type 'number'.
src/components/media/search-filters.tsx(259,49): error TS2345: Argument of type 'string' is not assignable to parameter of type 'number'.
src/components/media/search-filters.tsx(260,44): error TS2322: Type 'string | number' is not assignable to type 'number'.
  Type 'string' is not assignable to type 'number'.
src/components/media/search-filters.tsx(260,72): error TS2322: Type 'string' is not assignable to type 'number'.
src/components/media/search-filters.tsx(282,56): error TS2345: Argument of type 'string' is not assignable to parameter of type 'number'.
src/components/media/search-filters.tsx(284,15): error TS2322: Type 'string | number' is not assignable to type 'number'.
  Type 'string' is not assignable to type 'number'.
src/components/media/search-filters.tsx(285,15): error TS2322: Type 'string' is not assignable to type 'number'.
src/components/source-delete-modal.tsx(3,38): error TS2307: Cannot find module '~/domain/sources/types' or its corresponding type declarations.
src/components/source-form-modal.tsx(22,27): error TS2345: Argument of type '() => { defaultValues: { name: string; description: string; type: "local" | "s3" | "sftp"; connectionInfo: { path: string; }; }; onSubmit: ({ value }: { value: { name: string; description: string; type: "local" | "s3" | "sftp"; connectionInfo: { ...; }; }; formApi: FormApi<...>; meta: unknown; }) => Promise<...>; va...' is not assignable to parameter of type '() => FormOptions<{ name: string; description: string; type: "local" | "s3" | "sftp"; connectionInfo: { path: string; }; }, FormValidateOrFn<{ name: string; description: string; type: "local" | "s3" | "sftp"; connectionInfo: { ...; }; }> | undefined, ... 9 more ..., unknown>'.
  Call signature return types '{ defaultValues: { name: string; description: string; type: "local" | "s3" | "sftp"; connectionInfo: { path: string; }; }; onSubmit: ({ value }: { value: { name: string; description: string; type: "local" | "s3" | "sftp"; connectionInfo: { ...; }; }; formApi: FormApi<...>; meta: unknown; }) => Promise<...>; validato...' and 'FormOptions<{ name: string; description: string; type: "local" | "s3" | "sftp"; connectionInfo: { path: string; }; }, FormValidateOrFn<{ name: string; description: string; type: "local" | "s3" | "sftp"; connectionInfo: { ...; }; }> | undefined, ... 9 more ..., unknown>' are incompatible.
    The types of 'validators.onChange' are incompatible between these types.
      Type 'ZodObject<{ id: ZodOptional<ZodUUID>; name: ZodString; description: ZodNullable<ZodString>; type: ZodEnum<{ local: "local"; s3: "s3"; sftp: "sftp"; }>; connectionInfo: ZodUnion<...>; }, $strip>' is not assignable to type 'FormValidateOrFn<{ name: string; description: string; type: "local" | "s3" | "sftp"; connectionInfo: { path: string; }; }> | undefined'.
        Type 'ZodObject<{ id: ZodOptional<ZodUUID>; name: ZodString; description: ZodNullable<ZodString>; type: ZodEnum<{ local: "local"; s3: "s3"; sftp: "sftp"; }>; connectionInfo: ZodUnion<...>; }, $strip>' is not assignable to type 'StandardSchemaV1<{ name: string; description: string; type: "local" | "s3" | "sftp"; connectionInfo: { path: string; }; }, unknown>'.
          The types of ''~standard'.types' are incompatible between these types.
            Type 'Types<{ name: string; description: string | null; type: "local" | "s3" | "sftp"; connectionInfo: { path: string; } | { host: string; port: number; username: string; remotePath: string; password?: string | undefined; privateKey?: string | undefined; } | { ...; }; id?: string | undefined; }, { ...; }> | undefined' is not assignable to type 'StandardSchemaV1Types<{ name: string; description: string; type: "local" | "s3" | "sftp"; connectionInfo: { path: string; }; }, unknown> | undefined'.
              Type 'Types<{ name: string; description: string | null; type: "local" | "s3" | "sftp"; connectionInfo: { path: string; } | { host: string; port: number; username: string; remotePath: string; password?: string | undefined; privateKey?: string | undefined; } | { ...; }; id?: string | undefined; }, { ...; }>' is not assignable to type 'StandardSchemaV1Types<{ name: string; description: string; type: "local" | "s3" | "sftp"; connectionInfo: { path: string; }; }, unknown>'.
                The types of 'input.description' are incompatible between these types.
                  Type 'string | null' is not assignable to type 'string'.
                    Type 'null' is not assignable to type 'string'.
src/components/swagger-ui.tsx(2,29): error TS7016: Could not find a declaration file for module 'swagger-ui-dist/swagger-ui-bundle.js'. '/home/hmjn/project/web/solid-imager/node_modules/swagger-ui-dist/swagger-ui-bundle.js' implicitly has an 'any' type.
  Try `npm i --save-dev @types/swagger-ui-dist` if it exists or add a new declaration (.d.ts) file containing `declare module 'swagger-ui-dist/swagger-ui-bundle.js';`
src/components/ui/alert-dialog.tsx(2,3): error TS2305: Module '"@kobalte/core/alert-dialog"' has no exported member 'ActionButton'.
src/components/ui/alert-dialog.tsx(3,3): error TS2305: Module '"@kobalte/core/alert-dialog"' has no exported member 'CancelButton'.
src/components/ui/alert-dialog.tsx(16,20): error TS2307: Cannot find module '../../lib/utils' or its corresponding type declarations.
src/components/ui/alert-dialog.tsx(23,3): error TS2503: Cannot find namespace 'AlertDialogPrimitivePortal'.
src/components/ui/alert-dialog.tsx(36,3): error TS2503: Cannot find namespace 'AlertDialogPrimitiveOverlay'.
src/components/ui/alert-dialog.tsx(56,3): error TS2503: Cannot find namespace 'AlertDialogPrimitiveContent'.
src/components/ui/alert-dialog.tsx(111,3): error TS2503: Cannot find namespace 'AlertDialogPrimitiveTitle'.
src/components/ui/alert-dialog.tsx(128,3): error TS2503: Cannot find namespace 'AlertDialogPrimitiveDescription'.
src/components/ui/button.tsx(51,3): error TS2503: Cannot find namespace 'ButtonPrimitiveRoot'.
src/components/ui/dialog.tsx(20,31): error TS2503: Cannot find namespace 'DialogPrimitivePortal'.
src/components/ui/dialog.tsx(34,3): error TS2503: Cannot find namespace 'DialogPrimitiveOverlay'.
src/components/ui/dialog.tsx(52,3): error TS2503: Cannot find namespace 'DialogPrimitiveContent'.
src/components/ui/dialog.tsx(124,3): error TS2503: Cannot find namespace 'DialogPrimitiveTitle'.
src/components/ui/dialog.tsx(144,3): error TS2503: Cannot find namespace 'DialogPrimitiveDescription'.
src/components/ui/select.tsx(29,3): error TS2503: Cannot find namespace 'SelectPrimitiveTrigger'.
src/components/ui/select.tsx(69,3): error TS2503: Cannot find namespace 'SelectPrimitiveContent'.
src/components/ui/select.tsx(91,3): error TS2503: Cannot find namespace 'SelectPrimitiveItem'.
src/components/ui/select.tsx(149,3): error TS2503: Cannot find namespace 'SelectPrimitiveLabel'.
src/components/ui/select.tsx(166,3): error TS2503: Cannot find namespace 'SelectPrimitiveDescription'.
src/components/ui/select.tsx(185,3): error TS2503: Cannot find namespace 'SelectPrimitiveErrorMessage'.
src/components/upload-media-modal.tsx(40,27): error TS2345: Argument of type '() => { defaultValues: { filename: string; description: string; sourceUrl: string; overwrite: false; autoIncrement: false; }; onSubmit: ({ value }: { value: { filename: string; description: string; sourceUrl: string; overwrite: boolean; autoIncrement: boolean; }; formApi: FormApi<...>; meta: unknown; }) => Promise<....' is not assignable to parameter of type '() => FormOptions<{ filename: string; description: string; sourceUrl: string; overwrite: boolean; autoIncrement: boolean; }, FormValidateOrFn<{ filename: string; description: string; sourceUrl: string; overwrite: boolean; autoIncrement: boolean; }> | undefined, ... 9 more ..., unknown>'.
  Call signature return types '{ defaultValues: { filename: string; description: string; sourceUrl: string; overwrite: false; autoIncrement: false; }; onSubmit: ({ value }: { value: { filename: string; description: string; sourceUrl: string; overwrite: boolean; autoIncrement: boolean; }; formApi: FormApi<...>; meta: unknown; }) => Promise<...>; v...' and 'FormOptions<{ filename: string; description: string; sourceUrl: string; overwrite: boolean; autoIncrement: boolean; }, FormValidateOrFn<{ filename: string; description: string; sourceUrl: string; overwrite: boolean; autoIncrement: boolean; }> | undefined, ... 9 more ..., unknown>' are incompatible.
    The types of 'validators.onChange' are incompatible between these types.
      Type 'ZodObject<{ filename: ZodOptional<ZodString>; overwrite: ZodDefault<ZodBoolean>; autoIncrement: ZodDefault<ZodBoolean>; description: ZodOptional<...>; sourceUrl: ZodOptional<...>; }, $strip>' is not assignable to type 'FormValidateOrFn<{ filename: string; description: string; sourceUrl: string; overwrite: boolean; autoIncrement: boolean; }> | undefined'.
        Type 'ZodObject<{ filename: ZodOptional<ZodString>; overwrite: ZodDefault<ZodBoolean>; autoIncrement: ZodDefault<ZodBoolean>; description: ZodOptional<...>; sourceUrl: ZodOptional<...>; }, $strip>' is not assignable to type 'StandardSchemaV1<{ filename: string; description: string; sourceUrl: string; overwrite: boolean; autoIncrement: boolean; }, unknown>'.
          The types of ''~standard'.types' are incompatible between these types.
            Type 'Types<{ filename?: string | undefined; overwrite?: boolean | undefined; autoIncrement?: boolean | undefined; description?: string | undefined; sourceUrl?: string | undefined; }, { overwrite: boolean; autoIncrement: boolean; filename?: string | undefined; description?: string | undefined; sourceUrl?: string | undefin...' is not assignable to type 'StandardSchemaV1Types<{ filename: string; description: string; sourceUrl: string; overwrite: boolean; autoIncrement: boolean; }, unknown> | undefined'.
              Type 'Types<{ filename?: string | undefined; overwrite?: boolean | undefined; autoIncrement?: boolean | undefined; description?: string | undefined; sourceUrl?: string | undefined; }, { overwrite: boolean; autoIncrement: boolean; filename?: string | undefined; description?: string | undefined; sourceUrl?: string | undefin...' is not assignable to type 'StandardSchemaV1Types<{ filename: string; description: string; sourceUrl: string; overwrite: boolean; autoIncrement: boolean; }, unknown>'.
                The types of 'input.filename' are incompatible between these types.
                  Type 'string | undefined' is not assignable to type 'string'.
                    Type 'undefined' is not assignable to type 'string'.
src/components/upload-media-modal.tsx(70,7): error TS2578: Unused '@ts-expect-error' directive.
src/infrastructure/db/__mocks__/index.ts(70,5): error TS2353: Object literal may only specify known properties, and 'sourceUrl' does not exist in type '{ id: string; height: number; width: number; description: string | null; status: "deleted" | "active" | "archived"; mediaSourceId: string; filePath: string; createdAt: Date; fileName: string; mediaType: "audio" | ... 1 more ... | "image"; fileSize: number | null; modifiedAt: Date; indexedAt: Date; }'.
src/infrastructure/db/__mocks__/index.ts(70,22): error TS2339: Property 'sourceUrl' does not exist on type '{ height: number; width: number; mediaSourceId: string; filePath: string; fileName: string; mediaType: "audio" | "video" | "image"; id?: string | undefined; description?: string | null | undefined; ... 4 more ...; indexedAt?: Date | undefined; }'.
src/infrastructure/db/data-migration.ts(31,40): error TS2339: Property 'mediaSources' does not exist on type '{}'.
src/infrastructure/db/queries/search.ts(191,7): error TS2739: Type 'Omit<PgSelectBase<"media", { id: PgColumn<{ name: "id"; tableName: "media"; dataType: "string"; columnType: "PgUUID"; data: string; driverParam: string; notNull: true; hasDefault: true; isPrimaryKey: true; isAutoincrement: false; ... 4 more ...; generated: undefined; }, {}, {}>; ... 11 more ...; status: PgColumn<......' is missing the following properties from type 'Omit<PgSelectBase<"media", { id: PgColumn<{ name: "id"; tableName: "media"; dataType: "string"; columnType: "PgUUID"; data: string; driverParam: string; notNull: true; hasDefault: true; isPrimaryKey: true; isAutoincrement: false; ... 4 more ...; generated: undefined; }, {}, {}>; ... 11 more ...; status: PgColumn<......': offset, limit
src/infrastructure/db/queries/search.ts(195,7): error TS2741: Property 'offset' is missing in type 'Omit<import("/home/hmjn/project/web/solid-imager/node_modules/drizzle-orm/pg-core/query-builders/select").PgSelectBase<"media", { id: import("/home/hmjn/project/web/solid-imager/node_modules/drizzle-orm/pg-core/columns/common").PgColumn<{ name: "id"; tableName: "media"; dataType: "string"; columnType: "PgUUID"; data...' but required in type 'Omit<import("/home/hmjn/project/web/solid-imager/node_modules/drizzle-orm/pg-core/query-builders/select").PgSelectBase<"media", { id: import("/home/hmjn/project/web/solid-imager/node_modules/drizzle-orm/pg-core/columns/common").PgColumn<{ name: "id"; tableName: "media"; dataType: "string"; columnType: "PgUUID"; data...'.
src/infrastructure/jobs/sse-manager.ts(18,12): error TS2503: Cannot find namespace 'chokidar'.
src/infrastructure/storage/local.ts(8,42): error TS2307: Cannot find module '~/domain/sources/types' or its corresponding type declarations.
src/infrastructure/storage/s3.ts(6,35): error TS2307: Cannot find module '~/domain/sources/types' or its corresponding type declarations.
src/infrastructure/storage/sftp.ts(6,37): error TS2307: Cannot find module '~/domain/sources/types' or its corresponding type declarations.
src/infrastructure/storage/types.ts(12,8): error TS2307: Cannot find module '~/domain/sources/types' or its corresponding type declarations.
src/routes/api/sources/[mediaSourceId]/[mediaId]/ips.ts(118,58): error TS2345: Argument of type 'number' is not assignable to parameter of type 'string'.
src/routes/api/sources/[mediaSourceId]/[mediaId]/ips.ts(186,63): error TS2345: Argument of type 'number' is not assignable to parameter of type 'string'.
src/routes/api/sources/[mediaSourceId]/[mediaId]/projects.ts(118,68): error TS2345: Argument of type 'number' is not assignable to parameter of type 'string'.
src/routes/api/sources/[mediaSourceId]/[mediaId]/projects.ts(188,7): error TS2345: Argument of type 'number' is not assignable to parameter of type 'string'.
src/routes/api/sources/[mediaSourceId]/dump.ts(78,40): error TS2339: Property 'mediaSources' does not exist on type '{}'.
src/routes/api/sources/[mediaSourceId]/dump.ts(90,38): error TS2339: Property 'medias' does not exist on type '{}'.
src/routes/api/sources/[mediaSourceId]/events/thumbnail-progress.ts(2,31): error TS2307: Cannot find module 'solid-start/api' or its corresponding type declarations.
src/routes/api/sources/[mediaSourceId]/import.ts(79,40): error TS2339: Property 'mediaSources' does not exist on type '{}'.
src/routes/api/sources/[mediaSourceId]/restore.ts(108,40): error TS2339: Property 'mediaSources' does not exist on type '{}'.
src/routes/api/sources/[mediaSourceId]/restore.ts(208,40): error TS2339: Property 'medias' does not exist on type '{}'.
src/routes/api/sources/[mediaSourceId]/restore.ts(237,6): error TS2769: No overload matches this call.
  Overload 1 of 2, '(value: { height: number | SQL<unknown> | Placeholder<string, any>; width: number | SQL<unknown> | Placeholder<string, any>; mediaSourceId: string | SQL<unknown> | Placeholder<...>; ... 9 more ...; indexedAt?: Date | ... 2 more ... | undefined; }): PgInsertBase<...> | PgInsertBase<...>', gave the following error.
    Argument of type '{ indexedAt: Date; mediaSourceId: string; filePath: string; fileName: string; description: string | undefined; width: number | undefined; height: number | undefined; fileSize: number | undefined; mediaType: "video" | "image"; createdAt: Date; modifiedAt: Date; }' is not assignable to parameter of type '{ height: number | SQL<unknown> | Placeholder<string, any>; width: number | SQL<unknown> | Placeholder<string, any>; mediaSourceId: string | SQL<unknown> | Placeholder<...>; ... 9 more ...; indexedAt?: Date | ... 2 more ... | undefined; }'.
      Types of property 'height' are incompatible.
        Type 'number | undefined' is not assignable to type 'number | SQL<unknown> | Placeholder<string, any>'.
          Type 'undefined' is not assignable to type 'number | SQL<unknown> | Placeholder<string, any>'.
  Overload 2 of 2, '(values: { height: number | SQL<unknown> | Placeholder<string, any>; width: number | SQL<unknown> | Placeholder<string, any>; mediaSourceId: string | SQL<unknown> | Placeholder<...>; ... 9 more ...; indexedAt?: Date | ... 2 more ... | undefined; }[]): PgInsertBase<...> | PgInsertBase<...>', gave the following error.
    Object literal may only specify known properties, and 'indexedAt' does not exist in type '{ height: number | SQL<unknown> | Placeholder<string, any>; width: number | SQL<unknown> | Placeholder<string, any>; mediaSourceId: string | SQL<unknown> | Placeholder<...>; ... 9 more ...; indexedAt?: Date | ... 2 more ... | undefined; }[]'.
src/routes/api/sources/[mediaSourceId]/restore.ts(241,16): error TS2554: Expected 0 arguments, but got 1.
src/routes/api/sources/[mediaSourceId]/restore.ts(307,28): error TS2339: Property 'tags' does not exist on type '{}'.
src/routes/api/sources/[mediaSourceId]/restore.ts(319,28): error TS2339: Property 'tags' does not exist on type '{}'.
src/routes/api/sources/[mediaSourceId]/restore.ts(344,35): error TS2339: Property 'authors' does not exist on type '{}'.
src/routes/api/sources/[mediaSourceId]/restore.ts(374,41): error TS2339: Property 'mediaUrls' does not exist on type '{}'.
src/routes/manager.tsx(110,27): error TS2345: Argument of type 'string' is not assignable to parameter of type 'number'.
src/routes/manager.tsx(112,22): error TS2345: Argument of type 'string' is not assignable to parameter of type 'number'.
src/routes/manager.tsx(114,29): error TS2345: Argument of type 'string' is not assignable to parameter of type 'number'.
src/routes/manager.tsx(153,9): error TS2322: Type 'string' is not assignable to type 'number'.
src/routes/manager.tsx(248,49): error TS2345: Argument of type 'string' is not assignable to parameter of type 'number'.
src/routes/manager.tsx(309,52): error TS2769: No overload matches this call.
  The last overload gave the following error.
    Type 'string | undefined' is not assignable to type 'number | undefined'.
      Type 'string' is not assignable to type 'number'.
src/routes/manager.tsx(317,50): error TS2367: This comparison appears to be unintentional because the types 'string' and 'number | undefined' have no overlap.
src/tests/integration/media/add-media-integration.test.ts(87,34): error TS2345: Argument of type '{ mediaSourceId: string; filePath: string; fileName: string; fileSize: number; mediaType: "image"; width: number; height: number; description: null; }' is not assignable to parameter of type '{ mediaSourceId: string; filePath: string; fileName: string; size: number; mediaType: "audio" | "video" | "image"; description: string | null; width: number; height: number; createdAt?: Date | undefined; modifiedAt?: Date | undefined; sourceUrls?: string[] | undefined; }'.
  Property 'size' is missing in type '{ mediaSourceId: string; filePath: string; fileName: string; fileSize: number; mediaType: "image"; width: number; height: number; description: null; }' but required in type '{ mediaSourceId: string; filePath: string; fileName: string; size: number; mediaType: "audio" | "video" | "image"; description: string | null; width: number; height: number; createdAt?: Date | undefined; modifiedAt?: Date | undefined; sourceUrls?: string[] | undefined; }'.
src/tests/integration/media/add-media-integration.test.ts(89,41): error TS2345: Argument of type '{ mediaSourceId: string; filePath: string; fileName: string; fileSize: number; mediaType: "image"; width: number; height: number; description: null; }' is not assignable to parameter of type '{ mediaSourceId: string; filePath: string; fileName: string; size: number; mediaType: "audio" | "video" | "image"; description: string | null; width: number; height: number; createdAt?: Date | undefined; modifiedAt?: Date | undefined; sourceUrls?: string[] | undefined; }'.
  Property 'size' is missing in type '{ mediaSourceId: string; filePath: string; fileName: string; fileSize: number; mediaType: "image"; width: number; height: number; description: null; }' but required in type '{ mediaSourceId: string; filePath: string; fileName: string; size: number; mediaType: "audio" | "video" | "image"; description: string | null; width: number; height: number; createdAt?: Date | undefined; modifiedAt?: Date | undefined; sourceUrls?: string[] | undefined; }'.
src/tests/integration/media/delete-media-integration.test.ts(40,53): error TS2345: Argument of type '{ height: number; width: number; mediaSourceId: string; filePath: string; fileName: string; mediaType: "audio" | "video" | "image"; id?: string | undefined; description?: string | null | undefined; ... 4 more ...; indexedAt?: Date | undefined; }' is not assignable to parameter of type '{ mediaSourceId: string; filePath: string; fileName: string; size: number; mediaType: "audio" | "video" | "image"; description: string | null; width: number; height: number; createdAt?: Date | undefined; modifiedAt?: Date | undefined; sourceUrls?: string[] | undefined; }'.
  Property 'size' is missing in type '{ height: number; width: number; mediaSourceId: string; filePath: string; fileName: string; mediaType: "audio" | "video" | "image"; id?: string | undefined; description?: string | null | undefined; ... 4 more ...; indexedAt?: Date | undefined; }' but required in type '{ mediaSourceId: string; filePath: string; fileName: string; size: number; mediaType: "audio" | "video" | "image"; description: string | null; width: number; height: number; createdAt?: Date | undefined; modifiedAt?: Date | undefined; sourceUrls?: string[] | undefined; }'.
src/tests/integration/media/get-media-details-integration.test.ts(137,37): error TS18047: 'details.generationInfo' is possibly 'null'.
src/tests/integration/media/get-media-details-integration.test.ts(137,37): error TS2345: Argument of type 'string | null' is not assignable to parameter of type 'string'.
  Type 'null' is not assignable to type 'string'.
src/tests/integration/media/get-media-integration.test.ts(39,53): error TS2345: Argument of type '{ height: number; width: number; mediaSourceId: string; filePath: string; fileName: string; mediaType: "audio" | "video" | "image"; id?: string | undefined; description?: string | null | undefined; ... 4 more ...; indexedAt?: Date | undefined; }' is not assignable to parameter of type '{ mediaSourceId: string; filePath: string; fileName: string; size: number; mediaType: "audio" | "video" | "image"; description: string | null; width: number; height: number; createdAt?: Date | undefined; modifiedAt?: Date | undefined; sourceUrls?: string[] | undefined; }'.
  Property 'size' is missing in type '{ height: number; width: number; mediaSourceId: string; filePath: string; fileName: string; mediaType: "audio" | "video" | "image"; id?: string | undefined; description?: string | null | undefined; ... 4 more ...; indexedAt?: Date | undefined; }' but required in type '{ mediaSourceId: string; filePath: string; fileName: string; size: number; mediaType: "audio" | "video" | "image"; description: string | null; width: number; height: number; createdAt?: Date | undefined; modifiedAt?: Date | undefined; sourceUrls?: string[] | undefined; }'.
src/tests/integration/media/list-media-integration.test.ts(69,50): error TS2345: Argument of type '{ height: number; width: number; mediaSourceId: string; filePath: string; fileName: string; mediaType: "audio" | "video" | "image"; id?: string | undefined; description?: string | null | undefined; ... 4 more ...; indexedAt?: Date | undefined; }' is not assignable to parameter of type '{ mediaSourceId: string; filePath: string; fileName: string; size: number; mediaType: "audio" | "video" | "image"; description: string | null; width: number; height: number; createdAt?: Date | undefined; modifiedAt?: Date | undefined; sourceUrls?: string[] | undefined; }'.
  Property 'size' is missing in type '{ height: number; width: number; mediaSourceId: string; filePath: string; fileName: string; mediaType: "audio" | "video" | "image"; id?: string | undefined; description?: string | null | undefined; ... 4 more ...; indexedAt?: Date | undefined; }' but required in type '{ mediaSourceId: string; filePath: string; fileName: string; size: number; mediaType: "audio" | "video" | "image"; description: string | null; width: number; height: number; createdAt?: Date | undefined; modifiedAt?: Date | undefined; sourceUrls?: string[] | undefined; }'.
src/tests/integration/media/update-media-integration.test.ts(42,53): error TS2345: Argument of type '{ mediaSourceId: string; filePath: string; fileName: string; fileSize: number; mediaType: "image"; width: number; height: number; description: null; sourceUrl: null; }' is not assignable to parameter of type '{ mediaSourceId: string; filePath: string; fileName: string; size: number; mediaType: "audio" | "video" | "image"; description: string | null; width: number; height: number; createdAt?: Date | undefined; modifiedAt?: Date | undefined; sourceUrls?: string[] | undefined; }'.
  Property 'size' is missing in type '{ mediaSourceId: string; filePath: string; fileName: string; fileSize: number; mediaType: "image"; width: number; height: number; description: null; sourceUrl: null; }' but required in type '{ mediaSourceId: string; filePath: string; fileName: string; size: number; mediaType: "audio" | "video" | "image"; description: string | null; width: number; height: number; createdAt?: Date | undefined; modifiedAt?: Date | undefined; sourceUrls?: string[] | undefined; }'.
src/tests/unit/db/connection.test.ts(30,32): error TS2554: Expected 0 arguments, but got 1.
src/tests/unit/db/connection.test.ts(41,28): error TS2339: Property 'end' does not exist on type 'Mock<(strings: any, ..._values: any[]) => Promise<void>>'.
src/tests/unit/db/connection.test.ts(109,7): error TS2741: Property 'inMemory' is missing in type '{ path: string; }' but required in type '{ inMemory: boolean; path?: string | undefined; }'.
error: "tsc" exited with code 2
